Component: ARM Compiler 5.06 update 4 (build 422) Tool: armlink [4d35d2]

==============================================================================

Section Cross References

    startup_stm32f030x6.o(RESET) refers to startup_stm32f030x6.o(STACK) for __initial_sp
    startup_stm32f030x6.o(RESET) refers to startup_stm32f030x6.o(.text) for Reset_Handler
    startup_stm32f030x6.o(RESET) refers to stm32f0xx_it.o(i.NMI_Handler) for NMI_Handler
    startup_stm32f030x6.o(RESET) refers to stm32f0xx_it.o(i.HardFault_Handler) for HardFault_Handler
    startup_stm32f030x6.o(RESET) refers to stm32f0xx_it.o(i.SVC_Handler) for SVC_Handler
    startup_stm32f030x6.o(RESET) refers to stm32f0xx_it.o(i.PendSV_Handler) for PendSV_Handler
    startup_stm32f030x6.o(RESET) refers to stm32f0xx_it.o(i.SysTick_Handler) for SysTick_Handler
    startup_stm32f030x6.o(RESET) refers to stm32f0xx_it.o(i.EXTI4_15_IRQHandler) for EXTI4_15_IRQHandler
    startup_stm32f030x6.o(RESET) refers to stm32f0xx_it.o(i.DMA1_Channel1_IRQHandler) for DMA1_Channel1_IRQHandler
    startup_stm32f030x6.o(RESET) refers to stm32f0xx_it.o(i.TIM17_IRQHandler) for TIM17_IRQHandler
    startup_stm32f030x6.o(.text) refers to system_stm32f0xx.o(i.SystemInit) for SystemInit
    startup_stm32f030x6.o(.text) refers to entry.o(.ARM.Collect$$$$00000000) for __main
    stm32f0xx_hal_tim_ex.o(i.HAL_TIMEx_ConfigCommutationEvent_DMA) refers to stm32f0xx_hal_tim_ex.o(i.TIMEx_DMACommutationCplt) for TIMEx_DMACommutationCplt
    stm32f0xx_hal_tim_ex.o(i.HAL_TIMEx_ConfigCommutationEvent_DMA) refers to stm32f0xx_hal_tim.o(i.TIM_DMAError) for TIM_DMAError
    stm32f0xx_hal_tim_ex.o(i.HAL_TIMEx_HallSensor_DeInit) refers to stm32f0xx_hal_tim_ex.o(i.HAL_TIMEx_HallSensor_MspDeInit) for HAL_TIMEx_HallSensor_MspDeInit
    stm32f0xx_hal_tim_ex.o(i.HAL_TIMEx_HallSensor_Init) refers to stm32f0xx_hal_tim_ex.o(i.HAL_TIMEx_HallSensor_MspInit) for HAL_TIMEx_HallSensor_MspInit
    stm32f0xx_hal_tim_ex.o(i.HAL_TIMEx_HallSensor_Init) refers to stm32f0xx_hal_tim.o(i.TIM_Base_SetConfig) for TIM_Base_SetConfig
    stm32f0xx_hal_tim_ex.o(i.HAL_TIMEx_HallSensor_Init) refers to stm32f0xx_hal_tim.o(i.TIM_TI1_SetConfig) for TIM_TI1_SetConfig
    stm32f0xx_hal_tim_ex.o(i.HAL_TIMEx_HallSensor_Init) refers to stm32f0xx_hal_tim.o(i.TIM_OC2_SetConfig) for TIM_OC2_SetConfig
    stm32f0xx_hal_tim_ex.o(i.HAL_TIMEx_HallSensor_Start) refers to stm32f0xx_hal_tim.o(i.TIM_CCxChannelCmd) for TIM_CCxChannelCmd
    stm32f0xx_hal_tim_ex.o(i.HAL_TIMEx_HallSensor_Start_DMA) refers to stm32f0xx_hal_tim.o(i.TIM_CCxChannelCmd) for TIM_CCxChannelCmd
    stm32f0xx_hal_tim_ex.o(i.HAL_TIMEx_HallSensor_Start_DMA) refers to stm32f0xx_hal_dma.o(i.HAL_DMA_Start_IT) for HAL_DMA_Start_IT
    stm32f0xx_hal_tim_ex.o(i.HAL_TIMEx_HallSensor_Start_DMA) refers to stm32f0xx_hal_tim.o(i.TIM_DMACaptureCplt) for TIM_DMACaptureCplt
    stm32f0xx_hal_tim_ex.o(i.HAL_TIMEx_HallSensor_Start_DMA) refers to stm32f0xx_hal_tim.o(i.TIM_DMAError) for TIM_DMAError
    stm32f0xx_hal_tim_ex.o(i.HAL_TIMEx_HallSensor_Start_IT) refers to stm32f0xx_hal_tim.o(i.TIM_CCxChannelCmd) for TIM_CCxChannelCmd
    stm32f0xx_hal_tim_ex.o(i.HAL_TIMEx_HallSensor_Stop) refers to stm32f0xx_hal_tim.o(i.TIM_CCxChannelCmd) for TIM_CCxChannelCmd
    stm32f0xx_hal_tim_ex.o(i.HAL_TIMEx_HallSensor_Stop_DMA) refers to stm32f0xx_hal_tim.o(i.TIM_CCxChannelCmd) for TIM_CCxChannelCmd
    stm32f0xx_hal_tim_ex.o(i.HAL_TIMEx_HallSensor_Stop_IT) refers to stm32f0xx_hal_tim.o(i.TIM_CCxChannelCmd) for TIM_CCxChannelCmd
    stm32f0xx_hal_tim_ex.o(i.HAL_TIMEx_OCN_Start) refers to stm32f0xx_hal_tim_ex.o(i.TIM_CCxNChannelCmd) for TIM_CCxNChannelCmd
    stm32f0xx_hal_tim_ex.o(i.HAL_TIMEx_OCN_Start_DMA) refers to stm32f0xx_hal_dma.o(i.HAL_DMA_Start_IT) for HAL_DMA_Start_IT
    stm32f0xx_hal_tim_ex.o(i.HAL_TIMEx_OCN_Start_DMA) refers to stm32f0xx_hal_tim_ex.o(i.TIM_CCxNChannelCmd) for TIM_CCxNChannelCmd
    stm32f0xx_hal_tim_ex.o(i.HAL_TIMEx_OCN_Start_DMA) refers to stm32f0xx_hal_tim.o(i.TIM_DMADelayPulseCplt) for TIM_DMADelayPulseCplt
    stm32f0xx_hal_tim_ex.o(i.HAL_TIMEx_OCN_Start_DMA) refers to stm32f0xx_hal_tim.o(i.TIM_DMAError) for TIM_DMAError
    stm32f0xx_hal_tim_ex.o(i.HAL_TIMEx_OCN_Start_IT) refers to stm32f0xx_hal_tim_ex.o(i.TIM_CCxNChannelCmd) for TIM_CCxNChannelCmd
    stm32f0xx_hal_tim_ex.o(i.HAL_TIMEx_OCN_Stop) refers to stm32f0xx_hal_tim_ex.o(i.TIM_CCxNChannelCmd) for TIM_CCxNChannelCmd
    stm32f0xx_hal_tim_ex.o(i.HAL_TIMEx_OCN_Stop_DMA) refers to stm32f0xx_hal_tim_ex.o(i.TIM_CCxNChannelCmd) for TIM_CCxNChannelCmd
    stm32f0xx_hal_tim_ex.o(i.HAL_TIMEx_OCN_Stop_IT) refers to stm32f0xx_hal_tim_ex.o(i.TIM_CCxNChannelCmd) for TIM_CCxNChannelCmd
    stm32f0xx_hal_tim_ex.o(i.HAL_TIMEx_OnePulseN_Start) refers to stm32f0xx_hal_tim_ex.o(i.TIM_CCxNChannelCmd) for TIM_CCxNChannelCmd
    stm32f0xx_hal_tim_ex.o(i.HAL_TIMEx_OnePulseN_Start_IT) refers to stm32f0xx_hal_tim_ex.o(i.TIM_CCxNChannelCmd) for TIM_CCxNChannelCmd
[...]
    Removing lcd_graph.o(i.LCD_GetFontWidth), (12 bytes).
    Removing lcd_graph.o(i.LCD_InvertFont), (16 bytes).
    Removing lcd_graph.o(i.LCD_LogClear), (20 bytes).
    Removing lcd_graph.o(i.LCD_LogOut), (136 bytes).
    Removing lcd_graph.o(i.LCD_PutChar), (32 bytes).
    Removing lcd_graph.o(i.LCD_PutCharXY), (32 bytes).
    Removing lcd_graph.o(i.LCD_PutStr), (36 bytes).
    Removing lcd_graph.o(i.LCD_RefreshAll), (48 bytes).
    Removing lcd_graph.o(i.LCD_ScrollUp), (12 bytes).
    Removing lcd_graph.o(i.LCD_bClear), (46 bytes).
    Removing lcd_graph.o(i.LCD_bClearAll), (40 bytes).
    Removing lcd_graph.o(i.LCD_bDrawBmp), (70 bytes).
    Removing lcd_graph.o(i.LCD_bDrawCircle), (260 bytes).
    Removing lcd_graph.o(i.LCD_bDrawFillCircle), (226 bytes).
    Removing lcd_graph.o(i.LCD_bDrawFillRect), (44 bytes).
    Removing lcd_graph.o(i.LCD_bDrawLine), (200 bytes).
    Removing lcd_graph.o(i.LCD_bDrawPolyLine), (40 bytes).
    Removing lcd_graph.o(i.LCD_bDrawRect), (82 bytes).
    Removing lcd_graph.o(i.LCD_bPutCharXY), (16 bytes).
    Removing lcd_graph.o(i.LCD_bScrollUp), (60 bytes).
    Removing lcd_graph.o(i.Min), (8 bytes).
    Removing lcd_graph.o(i.ProcessBar_Create), (88 bytes).
    Removing lcd_graph.o(i.ProcessBar_ReConfig), (20 bytes).
    Removing lcd_graph.o(i.ProcessBar_Refresh), (60 bytes).
    Removing lcd_graph.o(i.ProcessBar_SetVal), (180 bytes).
    Removing lcd_graph.o(i.Swap), (10 bytes).
    Removing oled_i2c.o(.rev16_text), (4 bytes).
    Removing oled_i2c.o(.revsh_text), (4 bytes).
    Removing oled_i2c.o(i.OLED_Cls), (10 bytes).
    Removing oled_i2c.o(i.OLED_Off), (22 bytes).
    Removing dflti.o(.text), (40 bytes).
    Removing stm32f0xx_hal_dma.o(i.__ARM_common_switch8), (26 bytes).

523 unused section(s) (total 37879 bytes) removed from the image.

==============================================================================

Image Symbol Table

    Local Symbols

    Symbol Name                              Value     Ov Type        Size  Object(Section)

    ../Drivers/STM32F0xx_HAL_Driver/Src/stm32f0xx_hal.c 0x00000000   Number         0  stm32f0xx_hal.o ABSOLUTE
    ../Drivers/STM32F0xx_HAL_Driver/Src/stm32f0xx_hal_adc_ex.c 0x00000000   Number         0  stm32f0xx_hal_adc_ex.o ABSOLUTE
    ../Drivers/STM32F0xx_HAL_Driver/Src/stm32f0xx_hal_cortex.c 0x00000000   Number         0  stm32f0xx_hal_cortex.o ABSOLUTE
    ../Drivers/STM32F0xx_HAL_Driver/Src/stm32f0xx_hal_dma.c 0x00000000   Number         0  stm32f0xx_hal_dma.o ABSOLUTE
    ../Drivers/STM32F0xx_HAL_Driver/Src/stm32f0xx_hal_flash.c 0x00000000   Number         0  stm32f0xx_hal_flash.o ABSOLUTE
    ../Drivers/STM32F0xx_HAL_Driver/Src/stm32f0xx_hal_flash_ex.c 0x00000000   Number         0  stm32f0xx_hal_flash_ex.o ABSOLUTE
    ../Drivers/STM32F0xx_HAL_Driver/Src/stm32f0xx_hal_gpio.c 0x00000000   Number         0  stm32f0xx_hal_gpio.o ABSOLUTE
    ../Drivers/STM32F0xx_HAL_Driver/Src/stm32f0xx_hal_i2c.c 0x00000000   Number         0  stm32f0xx_hal_i2c.o ABSOLUTE
    ../Drivers/STM32F0xx_HAL_Driver/Src/stm32f0xx_hal_i2c_ex.c 0x00000000   Number         0  stm32f0xx_hal_i2c_ex.o ABSOLUTE
    ../Drivers/STM32F0xx_HAL_Driver/Src/stm32f0xx_hal_pwr.c 0x00000000   Number         0  stm32f0xx_hal_pwr.o ABSOLUTE
    ../Drivers/STM32F0xx_HAL_Driver/Src/stm32f0xx_hal_pwr_ex.c 0x00000000   Number         0  stm32f0xx_hal_pwr_ex.o ABSOLUTE
    ../Drivers/STM32F0xx_HAL_Driver/Src/stm32f0xx_hal_rcc.c 0x00000000   Number         0  stm32f0xx_hal_rcc.o ABSOLUTE
    ../Drivers/STM32F0xx_HAL_Driver/Src/stm32f0xx_hal_rcc_ex.c 0x00000000   Number         0  stm32f0xx_hal_rcc_ex.o ABSOLUTE
    ../Drivers/STM32F0xx_HAL_Driver/Src/stm32f0xx_hal_spi.c 0x00000000   Number         0  stm32f0xx_hal_spi.o ABSOLUTE
    ../Drivers/STM32F0xx_HAL_Driver/Src/stm32f0xx_hal_spi_ex.c 0x00000000   Number         0  stm32f0xx_hal_spi_ex.o ABSOLUTE
    ../Drivers/STM32F0xx_HAL_Driver/Src/stm32f0xx_hal_tim.c 0x00000000   Number         0  stm32f0xx_hal_tim.o ABSOLUTE
    ../Drivers/STM32F0xx_HAL_Driver/Src/stm32f0xx_hal_tim_ex.c 0x00000000   Number         0  stm32f0xx_hal_tim_ex.o ABSOLUTE
    ../Drivers/STM32F0xx_HAL_Driver/Src/stm32f0xx_hal_uart.c 0x00000000   Number         0  stm32f0xx_hal_uart.o ABSOLUTE
    ../Drivers/STM32F0xx_HAL_Driver/Src/stm32f0xx_hal_uart_ex.c 0x00000000   Number         0  stm32f0xx_hal_uart_ex.o ABSOLUTE
    ../Src/main.c                            0x00000000   Number         0  main.o ABSOLUTE
    ../Src/stm32f0xx_hal_msp.c               0x00000000   Number         0  stm32f0xx_hal_msp.o ABSOLUTE
    ../Src/stm32f0xx_it.c                    0x00000000   Number         0  stm32f0xx_it.o ABSOLUTE
    ../Src/system_stm32f0xx.c                0x00000000   Number         0  system_stm32f0xx.o ABSOLUTE
    ../clib/microlib/division.c              0x00000000   Number         0  idiv.o ABSOLUTE
    ../clib/microlib/division.c              0x00000000   Number         0  uidiv.o ABSOLUTE
    ../clib/microlib/division.c              0x00000000   Number         0  uldiv.o ABSOLUTE
    ../clib/microlib/init/entry.s            0x00000000   Number         0  entry11a.o ABSOLUTE
    ../clib/microlib/init/entry.s            0x00000000   Number         0  entry8a.o ABSOLUTE
    ../clib/microlib/init/entry.s            0x00000000   Number         0  entry11b.o ABSOLUTE
    ../clib/microlib/init/entry.s            0x00000000   Number         0  entry9b.o ABSOLUTE
    ../clib/microlib/init/entry.s            0x00000000   Number         0  entry2.o ABSOLUTE
    ../clib/microlib/init/entry.s            0x00000000   Number         0  entry5.o ABSOLUTE
    ../clib/microlib/init/entry.s            0x00000000   Number         0  entry7a.o ABSOLUTE
    ../clib/microlib/init/entry.s            0x00000000   Number         0  entry7b.o ABSOLUTE
    ../clib/microlib/init/entry.s            0x00000000   Number         0  entry9a.o ABSOLUTE
    ../clib/microlib/init/entry.s            0x00000000   Number         0  entry10a.o ABSOLUTE
    ../clib/microlib/init/entry.s            0x00000000   Number         0  entry10b.o ABSOLUTE
    ../clib/microlib/init/entry.s            0x00000000   Number         0  entry.o ABSOLUTE
    ../clib/microlib/init/entry.s            0x00000000   Number         0  entry8b.o ABSOLUTE
    ../clib/microlib/longlong.c              0x00000000   Number         0  llsshr.o ABSOLUTE
    ../clib/microlib/longlong.c              0x00000000   Number         0  llushr.o ABSOLUTE
    ../clib/microlib/longlong.c              0x00000000   Number         0  llshl.o ABSOLUTE
    ../clib/microlib/printf/printf.c         0x00000000   Number         0  printf5.o ABSOLUTE
    ../clib/microlib/printf/printf.c         0x00000000   Number         0  printf4.o ABSOLUTE
    ../clib/microlib/printf/printf.c         0x00000000   Number         0  printf3.o ABSOLUTE
    ../clib/microlib/printf/printf.c         0x00000000   Number         0  printf2.o ABSOLUTE
    ../clib/microlib/printf/printf.c         0x00000000   Number         0  printf1.o ABSOLUTE
    ../clib/microlib/printf/printf.c         0x00000000   Number         0  printf0.o ABSOLUTE
    ../clib/microlib/printf/printf.c         0x00000000   Number         0  printfb.o ABSOLUTE
    ../clib/microlib/printf/printf.c         0x00000000   Number         0  printfa.o ABSOLUTE
    ../clib/microlib/printf/printf.c         0x00000000   Number         0  printf8.o ABSOLUTE
    ../clib/microlib/printf/printf.c         0x00000000   Number         0  printf7.o ABSOLUTE
    ../clib/microlib/printf/printf.c         0x00000000   Number         0  printf6.o ABSOLUTE
    ../clib/microlib/printf/stubs.s          0x00000000   Number         0  stubs.o ABSOLUTE
    ../clib/microlib/stdio/streams.c         0x00000000   Number         0  stdout.o ABSOLUTE
    ../clib/microlib/string/strlen.c         0x00000000   Number         0  strlen.o ABSOLUTE
    ../clib/microlib/stubs.s                 0x00000000   Number         0  iusefp.o ABSOLUTE
    ../fplib/microlib/d2f.c                  0x00000000   Number         0  d2f.o ABSOLUTE
    ../fplib/microlib/f2d.c                  0x00000000   Number         0  f2d.o ABSOLUTE
    ../fplib/microlib/fpadd.c                0x00000000   Number         0  dadd.o ABSOLUTE
    ../fplib/microlib/fpdiv.c                0x00000000   Number         0  fdiv.o ABSOLUTE
    ../fplib/microlib/fpdiv.c                0x00000000   Number         0  ddiv.o ABSOLUTE
    ../fplib/microlib/fpepilogue.c           0x00000000   Number         0  depilogue.o ABSOLUTE
    ../fplib/microlib/fpepilogue.c           0x00000000   Number         0  fepilogue.o ABSOLUTE
    ../fplib/microlib/fpfix.c                0x00000000   Number         0  dfixul.o ABSOLUTE
    ../fplib/microlib/fpflt.c                0x00000000   Number         0  dflti.o ABSOLUTE
    ../fplib/microlib/fpflt.c                0x00000000   Number         0  fflti.o ABSOLUTE
    ../fplib/microlib/fpflt.c                0x00000000   Number         0  dfltui.o ABSOLUTE
    ../fplib/microlib/fpmul.c                0x00000000   Number         0  fmul.o ABSOLUTE
    ../fplib/microlib/fpmul.c                0x00000000   Number         0  dmul.o ABSOLUTE
    ../fplib/microlib/fpscalb.c              0x00000000   Number         0  dscalb.o ABSOLUTE
    ..\Drivers\STM32F0xx_HAL_Driver\Src\stm32f0xx_hal.c 0x00000000   Number         0  stm32f0xx_hal.o ABSOLUTE
    ..\Drivers\STM32F0xx_HAL_Driver\Src\stm32f0xx_hal_adc.c 0x00000000   Number         0  stm32f0xx_hal_adc.o ABSOLUTE
    ..\Drivers\STM32F0xx_HAL_Driver\Src\stm32f0xx_hal_adc_ex.c 0x00000000   Number         0  stm32f0xx_hal_adc_ex.o ABSOLUTE
    ..\Drivers\STM32F0xx_HAL_Driver\Src\stm32f0xx_hal_cortex.c 0x00000000   Number         0  stm32f0xx_hal_cortex.o ABSOLUTE
    ..\Drivers\STM32F0xx_HAL_Driver\Src\stm32f0xx_hal_dma.c 0x00000000   Number         0  stm32f0xx_hal_dma.o ABSOLUTE
    ..\Drivers\STM32F0xx_HAL_Driver\Src\stm32f0xx_hal_flash.c 0x00000000   Number         0  stm32f0xx_hal_flash.o ABSOLUTE
    ..\Drivers\STM32F0xx_HAL_Driver\Src\stm32f0xx_hal_flash_ex.c 0x00000000   Number         0  stm32f0xx_hal_flash_ex.o ABSOLUTE
    ..\Drivers\STM32F0xx_HAL_Driver\Src\stm32f0xx_hal_gpio.c 0x00000000   Number         0  stm32f0xx_hal_gpio.o ABSOLUTE
    ..\Drivers\STM32F0xx_HAL_Driver\Src\stm32f0xx_hal_i2c.c 0x00000000   Number         0  stm32f0xx_hal_i2c.o ABSOLUTE
    ..\Drivers\STM32F0xx_HAL_Driver\Src\stm32f0xx_hal_i2c_ex.c 0x00000000   Number         0  stm32f0xx_hal_i2c_ex.o ABSOLUTE
    ..\Drivers\STM32F0xx_HAL_Driver\Src\stm32f0xx_hal_pwr.c 0x00000000   Number         0  stm32f0xx_hal_pwr.o ABSOLUTE
    ..\Drivers\STM32F0xx_HAL_Driver\Src\stm32f0xx_hal_pwr_ex.c 0x00000000   Number         0  stm32f0xx_hal_pwr_ex.o ABSOLUTE
    ..\Drivers\STM32F0xx_HAL_Driver\Src\stm32f0xx_hal_rcc.c 0x00000000   Number         0  stm32f0xx_hal_rcc.o ABSOLUTE
    ..\Drivers\STM32F0xx_HAL_Driver\Src\stm32f0xx_hal_rcc_ex.c 0x00000000   Number         0  stm32f0xx_hal_rcc_ex.o ABSOLUTE
    ..\Drivers\STM32F0xx_HAL_Driver\Src\stm32f0xx_hal_spi.c 0x00000000   Number         0  stm32f0xx_hal_spi.o ABSOLUTE
    ..\Drivers\STM32F0xx_HAL_Driver\Src\stm32f0xx_hal_spi_ex.c 0x00000000   Number         0  stm32f0xx_hal_spi_ex.o ABSOLUTE
    ..\Drivers\STM32F0xx_HAL_Driver\Src\stm32f0xx_hal_tim.c 0x00000000   Number         0  stm32f0xx_hal_tim.o ABSOLUTE
    ..\Drivers\STM32F0xx_HAL_Driver\Src\stm32f0xx_hal_tim_ex.c 0x00000000   Number         0  stm32f0xx_hal_tim_ex.o ABSOLUTE
    ..\Drivers\STM32F0xx_HAL_Driver\Src\stm32f0xx_hal_uart.c 0x00000000   Number         0  stm32f0xx_hal_uart.o ABSOLUTE
    ..\Drivers\STM32F0xx_HAL_Driver\Src\stm32f0xx_hal_uart_ex.c 0x00000000   Number         0  stm32f0xx_hal_uart_ex.o ABSOLUTE
    ..\Src\bsp.c                             0x00000000   Number         0  bsp.o ABSOLUTE
    ..\Src\main.c                            0x00000000   Number         0  main.o ABSOLUTE
    ..\Src\oled\LCD_graph.c                  0x00000000   Number         0  lcd_graph.o ABSOLUTE
    ..\Src\oled\fonts.c                      0x00000000   Number         0  fonts.o ABSOLUTE
    ..\Src\oled\oled_i2c.c                   0x00000000   Number         0  oled_i2c.o ABSOLUTE
    ..\Src\si446x\si446x.c                   0x00000000   Number         0  si446x.o ABSOLUTE
    ..\Src\stm32f0xx_hal_msp.c               0x00000000   Number         0  stm32f0xx_hal_msp.o ABSOLUTE
    ..\Src\stm32f0xx_it.c                    0x00000000   Number         0  stm32f0xx_it.o ABSOLUTE
    ..\Src\system_stm32f0xx.c                0x00000000   Number         0  system_stm32f0xx.o ABSOLUTE
    ..\\Drivers\\STM32F0xx_HAL_Driver\\Src\\stm32f0xx_hal_adc.c 0x00000000   Number         0  stm32f0xx_hal_adc.o ABSOLUTE
    ..\\Src\\bsp.c                           0x00000000   Number         0  bsp.o ABSOLUTE
    ..\\Src\\oled\\oled_i2c.c                0x00000000   Number         0  oled_i2c.o ABSOLUTE
    ..\\Src\\si446x\\si446x.c                0x00000000   Number         0  si446x.o ABSOLUTE
    cdrcmple.s                               0x00000000   Number         0  cdrcmple.o ABSOLUTE
    dc.s                                     0x00000000   Number         0  dc.o ABSOLUTE
    handlers.s                               0x00000000   Number         0  handlers.o ABSOLUTE
    init.s                                   0x00000000   Number         0  init.o ABSOLUTE
    startup_stm32f030x6.s                    0x00000000   Number         0  startup_stm32f030x6.o ABSOLUTE
    RESET                                    0x08000000   Section      176  startup_stm32f030x6.o(RESET)
    .ARM.Collect$$$$00000000                 0x080000b0   Section        0  entry.o(.ARM.Collect$$$$00000000)
    .ARM.Collect$$$$00000001                 0x080000b0   Section        4  entry2.o(.ARM.Collect$$$$00000001)
    .ARM.Collect$$$$00000004                 0x080000b4   Section        4  entry5.o(.ARM.Collect$$$$00000004)
    .ARM.Collect$$$$00000008                 0x080000b8   Section        0  entry7b.o(.ARM.Collect$$$$00000008)
    .ARM.Collect$$$$0000000A                 0x080000b8   Section        0  entry8b.o(.ARM.Collect$$$$0000000A)
    .ARM.Collect$$$$0000000B                 0x080000b8   Section        8  entry9a.o(.ARM.Collect$$$$0000000B)
    .ARM.Collect$$$$0000000D                 0x080000c0   Section        0  entry10a.o(.ARM.Collect$$$$0000000D)
    .ARM.Collect$$$$0000000F                 0x080000c0   Section        0  entry11a.o(.ARM.Collect$$$$0000000F)
    .ARM.Collect$$$$00002712                 0x080000c0   Section        4  entry2.o(.ARM.Collect$$$$00002712)
    __lit__00000000                          0x080000c0   Data           4  entry2.o(.ARM.Collect$$$$00002712)
    .text                                    0x080000c4   Section       28  startup_stm32f030x6.o(.text)
    .text                                    0x080000e0   Section        0  uidiv.o(.text)
    .text                                    0x0800010c   Section        0  llushr.o(.text)
    .text                                    0x0800012e   Section        0  strlen.o(.text)
    .text                                    0x0800013c   Section        0  fmul.o(.text)
    .text                                    0x080001b6   Section        0  fdiv.o(.text)
    .text                                    0x08000234   Section        0  dadd.o(.text)
    .text                                    0x08000398   Section        0  dmul.o(.text)
    .text                                    0x08000468   Section        0  ddiv.o(.text)
    .text                                    0x08000558   Section        0  dscalb.o(.text)
    .text                                    0x08000584   Section        0  fflti.o(.text)
    .text                                    0x0800059c   Section        0  dfltui.o(.text)
    .text                                    0x080005b8   Section        0  f2d.o(.text)
    .text                                    0x080005e0   Section        0  d2f.o(.text)
    .text                                    0x08000618   Section        0  uldiv.o(.text)
    .text                                    0x08000678   Section        0  llshl.o(.text)
    .text                                    0x08000698   Section        0  llsshr.o(.text)
    .text                                    0x080006be   Section        0  iusefp.o(.text)
    .text                                    0x080006be   Section        0  fepilogue.o(.text)
    .text                                    0x08000740   Section        0  depilogue.o(.text)
    .text                                    0x08000800   Section        0  dfixul.o(.text)
    .text                                    0x08000840   Section       40  cdrcmple.o(.text)
    .text                                    0x08000868   Section       36  init.o(.text)
    i.ADC_DMAConvCplt                        0x0800088c   Section        0  stm32f0xx_hal_adc.o(i.ADC_DMAConvCplt)
    ADC_DMAConvCplt                          0x0800088d   Thumb Code   108  stm32f0xx_hal_adc.o(i.ADC_DMAConvCplt)
    i.ADC_DMAError                           0x080008f8   Section        0  stm32f0xx_hal_adc.o(i.ADC_DMAError)
    ADC_DMAError                             0x080008f9   Thumb Code    26  stm32f0xx_hal_adc.o(i.ADC_DMAError)
    i.ADC_DMAHalfConvCplt                    0x08000912   Section        0  stm32f0xx_hal_adc.o(i.ADC_DMAHalfConvCplt)
    ADC_DMAHalfConvCplt                      0x08000913   Thumb Code    10  stm32f0xx_hal_adc.o(i.ADC_DMAHalfConvCplt)
    i.ADC_Enable                             0x0800091c   Section        0  stm32f0xx_hal_adc.o(i.ADC_Enable)
    ADC_Enable                               0x0800091d   Thumb Code   120  stm32f0xx_hal_adc.o(i.ADC_Enable)
    i.DMA1_Channel1_IRQHandler               0x080009a0   Section        0  stm32f0xx_it.o(i.DMA1_Channel1_IRQHandler)
    i.DMA_CalcBaseAndBitshift                0x080009b0   Section        0  stm32f0xx_hal_dma.o(i.DMA_CalcBaseAndBitshift)
    DMA_CalcBaseAndBitshift                  0x080009b1   Thumb Code    26  stm32f0xx_hal_dma.o(i.DMA_CalcBaseAndBitshift)
    i.DMA_SetConfig                          0x080009d4   Section        0  stm32f0xx_hal_dma.o(i.DMA_SetConfig)
    DMA_SetConfig                            0x080009d5   Thumb Code    40  stm32f0xx_hal_dma.o(i.DMA_SetConfig)
    i.EXTI4_15_IRQHandler                    0x080009fc   Section        0  stm32f0xx_it.o(i.EXTI4_15_IRQHandler)
    i.GetBatteryVoltage                      0x08000a08   Section        0  main.o(i.GetBatteryVoltage)
    i.HAL_ADC_ConfigChannel                  0x08000a40   Section        0  stm32f0xx_hal_adc.o(i.HAL_ADC_ConfigChannel)
    i.HAL_ADC_ConvCpltCallback               0x08000b50   Section        0  stm32f0xx_hal_adc.o(i.HAL_ADC_ConvCpltCallback)
    i.HAL_ADC_ConvHalfCpltCallback           0x08000b52   Section        0  stm32f0xx_hal_adc.o(i.HAL_ADC_ConvHalfCpltCallback)
    i.HAL_ADC_ErrorCallback                  0x08000b54   Section        0  stm32f0xx_hal_adc.o(i.HAL_ADC_ErrorCallback)
    i.HAL_ADC_Init                           0x08000b58   Section        0  stm32f0xx_hal_adc.o(i.HAL_ADC_Init)
    i.HAL_ADC_MspInit                        0x08000ccc   Section        0  stm32f0xx_hal_msp.o(i.HAL_ADC_MspInit)
    i.HAL_ADC_Start_DMA                      0x08000d74   Section        0  stm32f0xx_hal_adc.o(i.HAL_ADC_Start_DMA)
    i.HAL_DMA_IRQHandler                     0x08000e14   Section        0  stm32f0xx_hal_dma.o(i.HAL_DMA_IRQHandler)
    i.HAL_DMA_Init                           0x08000eb0   Section        0  stm32f0xx_hal_dma.o(i.HAL_DMA_Init)
    i.HAL_DMA_Start_IT                       0x08000f08   Section        0  stm32f0xx_hal_dma.o(i.HAL_DMA_Start_IT)
    i.HAL_Delay                              0x08000f72   Section        0  stm32f0xx_hal.o(i.HAL_Delay)
    i.HAL_GPIO_EXTI_Callback                 0x08000f8e   Section        0  main.o(i.HAL_GPIO_EXTI_Callback)
    i.HAL_GPIO_EXTI_IRQHandler               0x08000f9c   Section        0  stm32f0xx_hal_gpio.o(i.HAL_GPIO_EXTI_IRQHandler)
    i.HAL_GPIO_Init                          0x08000fb4   Section        0  stm32f0xx_hal_gpio.o(i.HAL_GPIO_Init)
    i.HAL_GPIO_WritePin                      0x080010fc   Section        0  stm32f0xx_hal_gpio.o(i.HAL_GPIO_WritePin)
    i.HAL_GetTick                            0x08001108   Section        0  stm32f0xx_hal.o(i.HAL_GetTick)
    i.HAL_I2CEx_ConfigAnalogFilter           0x08001114   Section        0  stm32f0xx_hal_i2c_ex.o(i.HAL_I2CEx_ConfigAnalogFilter)
    i.HAL_I2CEx_ConfigDigitalFilter          0x0800115e   Section        0  stm32f0xx_hal_i2c_ex.o(i.HAL_I2CEx_ConfigDigitalFilter)
    i.HAL_I2C_Init                           0x080011a8   Section        0  stm32f0xx_hal_i2c.o(i.HAL_I2C_Init)
    i.HAL_I2C_Mem_Write                      0x0800125c   Section        0  stm32f0xx_hal_i2c.o(i.HAL_I2C_Mem_Write)
    i.HAL_I2C_MspInit                        0x080013b0   Section        0  stm32f0xx_hal_msp.o(i.HAL_I2C_MspInit)
    i.HAL_IncTick                            0x080013f8   Section        0  stm32f0xx_hal.o(i.HAL_IncTick)
    i.HAL_Init                               0x08001408   Section        0  stm32f0xx_hal.o(i.HAL_Init)
    i.HAL_InitTick                           0x08001428   Section        0  stm32f0xx_hal.o(i.HAL_InitTick)
    i.HAL_MspInit                            0x0800144c   Section        0  stm32f0xx_hal_msp.o(i.HAL_MspInit)
    i.HAL_MultiProcessor_Init                0x08001484   Section        0  stm32f0xx_hal_uart.o(i.HAL_MultiProcessor_Init)
    i.HAL_NVIC_DisableIRQ                    0x08001510   Section        0  stm32f0xx_hal_cortex.o(i.HAL_NVIC_DisableIRQ)
    i.HAL_NVIC_EnableIRQ                     0x08001524   Section        0  stm32f0xx_hal_cortex.o(i.HAL_NVIC_EnableIRQ)
    i.HAL_NVIC_SetPriority                   0x08001538   Section        0  stm32f0xx_hal_cortex.o(i.HAL_NVIC_SetPriority)
    i.HAL_RCCEx_PeriphCLKConfig              0x08001540   Section        0  stm32f0xx_hal_rcc_ex.o(i.HAL_RCCEx_PeriphCLKConfig)
    i.HAL_RCC_ClockConfig                    0x08001628   Section        0  stm32f0xx_hal_rcc.o(i.HAL_RCC_ClockConfig)
    i.HAL_RCC_GetHCLKFreq                    0x08001754   Section        0  stm32f0xx_hal_rcc.o(i.HAL_RCC_GetHCLKFreq)
    i.HAL_RCC_GetPCLK1Freq                   0x08001760   Section        0  stm32f0xx_hal_rcc.o(i.HAL_RCC_GetPCLK1Freq)
    i.HAL_RCC_GetSysClockFreq                0x08001780   Section        0  stm32f0xx_hal_rcc.o(i.HAL_RCC_GetSysClockFreq)
    i.HAL_RCC_OscConfig                      0x080017f8   Section        0  stm32f0xx_hal_rcc.o(i.HAL_RCC_OscConfig)
    i.HAL_SPI_Init                           0x08001b4c   Section        0  stm32f0xx_hal_spi.o(i.HAL_SPI_Init)
    i.HAL_SPI_MspInit                        0x08001c04   Section        0  stm32f0xx_hal_msp.o(i.HAL_SPI_MspInit)
    i.HAL_SPI_TransmitReceive                0x08001c4c   Section        0  stm32f0xx_hal_spi.o(i.HAL_SPI_TransmitReceive)
    i.HAL_SYSTICK_CLKSourceConfig            0x08001e94   Section        0  stm32f0xx_hal_cortex.o(i.HAL_SYSTICK_CLKSourceConfig)
    i.HAL_SYSTICK_Callback                   0x08001eac   Section        0  stm32f0xx_hal_cortex.o(i.HAL_SYSTICK_Callback)
    i.HAL_SYSTICK_Config                     0x08001eb0   Section        0  stm32f0xx_hal_cortex.o(i.HAL_SYSTICK_Config)
    i.HAL_SYSTICK_IRQHandler                 0x08001ee0   Section        0  stm32f0xx_hal_cortex.o(i.HAL_SYSTICK_IRQHandler)
    i.HAL_TIMEx_BreakCallback                0x08001ee8   Section        0  stm32f0xx_hal_tim_ex.o(i.HAL_TIMEx_BreakCallback)
    i.HAL_TIMEx_CommutationCallback          0x08001eea   Section        0  stm32f0xx_hal_tim_ex.o(i.HAL_TIMEx_CommutationCallback)
    i.HAL_TIMEx_MasterConfigSynchronization  0x08001eec   Section        0  stm32f0xx_hal_tim_ex.o(i.HAL_TIMEx_MasterConfigSynchronization)
    i.HAL_TIM_Base_Init                      0x08001f34   Section        0  stm32f0xx_hal_tim.o(i.HAL_TIM_Base_Init)
    i.HAL_TIM_Base_MspInit                   0x08001f68   Section        0  stm32f0xx_hal_msp.o(i.HAL_TIM_Base_MspInit)
    i.HAL_TIM_Base_Start_IT                  0x08001fa0   Section        0  stm32f0xx_hal_tim.o(i.HAL_TIM_Base_Start_IT)
    i.HAL_TIM_IC_CaptureCallback             0x08001fb6   Section        0  stm32f0xx_hal_tim.o(i.HAL_TIM_IC_CaptureCallback)
    i.HAL_TIM_IRQHandler                     0x08001fb8   Section        0  stm32f0xx_hal_tim.o(i.HAL_TIM_IRQHandler)
    i.HAL_TIM_MspPostInit                    0x0800211c   Section        0  stm32f0xx_hal_msp.o(i.HAL_TIM_MspPostInit)
    i.HAL_TIM_OC_DelayElapsedCallback        0x0800214c   Section        0  stm32f0xx_hal_tim.o(i.HAL_TIM_OC_DelayElapsedCallback)
    i.HAL_TIM_PWM_ConfigChannel              0x0800214e   Section        0  stm32f0xx_hal_tim.o(i.HAL_TIM_PWM_ConfigChannel)
    i.HAL_TIM_PWM_Init                       0x0800221e   Section        0  stm32f0xx_hal_tim.o(i.HAL_TIM_PWM_Init)
    i.HAL_TIM_PWM_MspInit                    0x08002254   Section        0  stm32f0xx_hal_msp.o(i.HAL_TIM_PWM_MspInit)
    i.HAL_TIM_PWM_PulseFinishedCallback      0x08002278   Section        0  stm32f0xx_hal_tim.o(i.HAL_TIM_PWM_PulseFinishedCallback)
    i.HAL_TIM_PeriodElapsedCallback          0x0800227c   Section        0  main.o(i.HAL_TIM_PeriodElapsedCallback)
    i.HAL_TIM_TriggerCallback                0x08002290   Section        0  stm32f0xx_hal_tim.o(i.HAL_TIM_TriggerCallback)
    i.HAL_UART_MspInit                       0x08002294   Section        0  stm32f0xx_hal_msp.o(i.HAL_UART_MspInit)
    i.HAL_UART_Transmit                      0x080022e0   Section        0  stm32f0xx_hal_uart.o(i.HAL_UART_Transmit)
    i.Handle_ACK                             0x080023a8   Section        0  main.o(i.Handle_ACK)
    i.Handle_SI_IRQ                          0x080023c0   Section        0  main.o(i.Handle_SI_IRQ)
    i.HardFault_Handler                      0x08002448   Section        0  stm32f0xx_it.o(i.HardFault_Handler)
    i.I2C_Flush_TXDR                         0x0800244a   Section        0  stm32f0xx_hal_i2c.o(i.I2C_Flush_TXDR)
    I2C_Flush_TXDR                           0x0800244b   Thumb Code    34  stm32f0xx_hal_i2c.o(i.I2C_Flush_TXDR)
    i.I2C_IsAcknowledgeFailed                0x0800246c   Section        0  stm32f0xx_hal_i2c.o(i.I2C_IsAcknowledgeFailed)
    I2C_IsAcknowledgeFailed                  0x0800246d   Thumb Code   110  stm32f0xx_hal_i2c.o(i.I2C_IsAcknowledgeFailed)
    i.I2C_RequestMemoryWrite                 0x080024e0   Section        0  stm32f0xx_hal_i2c.o(i.I2C_RequestMemoryWrite)
    I2C_RequestMemoryWrite                   0x080024e1   Thumb Code   106  stm32f0xx_hal_i2c.o(i.I2C_RequestMemoryWrite)
    i.I2C_TransferConfig                     0x0800254c   Section        0  stm32f0xx_hal_i2c.o(i.I2C_TransferConfig)
    I2C_TransferConfig                       0x0800254d   Thumb Code    30  stm32f0xx_hal_i2c.o(i.I2C_TransferConfig)
    i.I2C_WaitOnFlagUntilTimeout             0x08002570   Section        0  stm32f0xx_hal_i2c.o(i.I2C_WaitOnFlagUntilTimeout)
    I2C_WaitOnFlagUntilTimeout               0x08002571   Thumb Code    72  stm32f0xx_hal_i2c.o(i.I2C_WaitOnFlagUntilTimeout)
    i.I2C_WaitOnSTOPFlagUntilTimeout         0x080025b8   Section        0  stm32f0xx_hal_i2c.o(i.I2C_WaitOnSTOPFlagUntilTimeout)
    I2C_WaitOnSTOPFlagUntilTimeout           0x080025b9   Thumb Code    78  stm32f0xx_hal_i2c.o(i.I2C_WaitOnSTOPFlagUntilTimeout)
    i.I2C_WaitOnTXISFlagUntilTimeout         0x08002606   Section        0  stm32f0xx_hal_i2c.o(i.I2C_WaitOnTXISFlagUntilTimeout)
    I2C_WaitOnTXISFlagUntilTimeout           0x08002607   Thumb Code    82  stm32f0xx_hal_i2c.o(i.I2C_WaitOnTXISFlagUntilTimeout)
    i.LCD_PutStrXY                           0x08002658   Section        0  lcd_graph.o(i.LCD_PutStrXY)
    i.LCD_Refresh                            0x0800269c   Section        0  lcd_graph.o(i.LCD_Refresh)
    i.LCD_SetFont                            0x080026e4   Section        0  lcd_graph.o(i.LCD_SetFont)
    i.LCD_SetRC                              0x08002704   Section        0  lcd_graph.o(i.LCD_SetRC)
    i.LCD_bDrawPoint                         0x08002718   Section        0  lcd_graph.o(i.LCD_bDrawPoint)
    i.LCD_bPutChar                           0x08002748   Section        0  lcd_graph.o(i.LCD_bPutChar)
    i.LCD_bPutStr                            0x08002888   Section        0  lcd_graph.o(i.LCD_bPutStr)
    i.LCD_bPutStrXY                          0x080028a4   Section        0  lcd_graph.o(i.LCD_bPutStrXY)
    i.LCD_bSetXY                             0x080028d4   Section        0  lcd_graph.o(i.LCD_bSetXY)
    i.MX_ADC_Init                            0x080028ec   Section        0  main.o(i.MX_ADC_Init)
    MX_ADC_Init                              0x080028ed   Thumb Code   248  main.o(i.MX_ADC_Init)
    i.MX_GPIO_Init                           0x080029ec   Section        0  main.o(i.MX_GPIO_Init)
    MX_GPIO_Init                             0x080029ed   Thumb Code   216  main.o(i.MX_GPIO_Init)
    i.MX_I2C1_Init                           0x08002ad0   Section        0  main.o(i.MX_I2C1_Init)
    MX_I2C1_Init                             0x08002ad1   Thumb Code    80  main.o(i.MX_I2C1_Init)
    i.MX_SPI1_Init                           0x08002b30   Section        0  main.o(i.MX_SPI1_Init)
    MX_SPI1_Init                             0x08002b31   Thumb Code    66  main.o(i.MX_SPI1_Init)
    i.MX_TIM3_Init                           0x08002b7c   Section        0  main.o(i.MX_TIM3_Init)
    MX_TIM3_Init                             0x08002b7d   Thumb Code    86  main.o(i.MX_TIM3_Init)
    i.MX_USART1_UART_Init                    0x08002bdc   Section        0  main.o(i.MX_USART1_UART_Init)
    MX_USART1_UART_Init                      0x08002bdd   Thumb Code    48  main.o(i.MX_USART1_UART_Init)
    i.NMI_Handler                            0x08002c14   Section        0  stm32f0xx_it.o(i.NMI_Handler)
    i.NVIC_SetPriority                       0x08002c18   Section        0  stm32f0xx_hal_cortex.o(i.NVIC_SetPriority)
    NVIC_SetPriority                         0x08002c19   Thumb Code    60  stm32f0xx_hal_cortex.o(i.NVIC_SetPriority)
    i.OLED_Fill                              0x08002c5c   Section        0  oled_i2c.o(i.OLED_Fill)
    i.OLED_Init                              0x08002c92   Section        0  oled_i2c.o(i.OLED_Init)
    i.OLED_Loop                              0x08002d3c   Section        0  main.o(i.OLED_Loop)
    i.OLED_On                                0x08002eb8   Section        0  oled_i2c.o(i.OLED_On)
    i.OLED_SetPos                            0x08002ece   Section        0  oled_i2c.o(i.OLED_SetPos)
    i.OLED_WriteDat                          0x08002ef0   Section        0  oled_i2c.o(i.OLED_WriteDat)
    i.PendSV_Handler                         0x08002f14   Section        0  stm32f0xx_it.o(i.PendSV_Handler)
    i.RecvPacket                             0x08002f18   Section        0  main.o(i.RecvPacket)
    i.SI446X_CHANGE_STATE                    0x08002f3c   Section        0  si446x.o(i.SI446X_CHANGE_STATE)
    i.SI446X_CMD                             0x08002f50   Section        0  si446x.o(i.SI446X_CMD)
    i.SI446X_CONFIG_INIT                     0x08002f8c   Section        0  si446x.o(i.SI446X_CONFIG_INIT)
    i.SI446X_GET_DEVICE_STATE                0x08002fb0   Section        0  si446x.o(i.SI446X_GET_DEVICE_STATE)
    i.SI446X_GET_FRR_REG                     0x08002fbe   Section        0  si446x.o(i.SI446X_GET_FRR_REG)
    i.SI446X_INT_STATUS                      0x08002ff0   Section        0  si446x.o(i.SI446X_INT_STATUS)
    i.SI446X_READ_PACKET                     0x08003014   Section        0  si446x.o(i.SI446X_READ_PACKET)
    i.SI446X_READ_RESPONSE                   0x0800305e   Section        0  si446x.o(i.SI446X_READ_RESPONSE)
    i.SI446X_RESET                           0x080030a4   Section        0  si446x.o(i.SI446X_RESET)
    i.SI446X_RX_FIFO_RESET                   0x080030f8   Section        0  si446x.o(i.SI446X_RX_FIFO_RESET)
    i.SI446X_SEND_PACKET                     0x0800310c   Section        0  si446x.o(i.SI446X_SEND_PACKET)
    i.SI446X_SET_PROPERTY_1                  0x0800317c   Section        0  si446x.o(i.SI446X_SET_PROPERTY_1)
    i.SI446X_START_RX                        0x0800319c   Section        0  si446x.o(i.SI446X_START_RX)
    i.SI446X_START_TX                        0x080031f8   Section        0  si446x.o(i.SI446X_START_TX)
    i.SI446X_TX_FIFO_RESET                   0x0800323a   Section        0  si446x.o(i.SI446X_TX_FIFO_RESET)
    i.SI446X_WAIT_CTS                        0x0800324e   Section        0  si446x.o(i.SI446X_WAIT_CTS)
    i.SPI_EndRxTxTransaction                 0x08003280   Section        0  stm32f0xx_hal_spi.o(i.SPI_EndRxTxTransaction)
    SPI_EndRxTxTransaction                   0x08003281   Thumb Code    76  stm32f0xx_hal_spi.o(i.SPI_EndRxTxTransaction)
    i.SPI_RW                                 0x080032cc   Section        0  bsp.o(i.SPI_RW)
    i.SPI_WaitFifoStateUntilTimeout          0x080032f4   Section        0  stm32f0xx_hal_spi.o(i.SPI_WaitFifoStateUntilTimeout)
    SPI_WaitFifoStateUntilTimeout            0x080032f5   Thumb Code   150  stm32f0xx_hal_spi.o(i.SPI_WaitFifoStateUntilTimeout)
    i.SPI_WaitFlagStateUntilTimeout          0x0800338a   Section        0  stm32f0xx_hal_spi.o(i.SPI_WaitFlagStateUntilTimeout)
    SPI_WaitFlagStateUntilTimeout            0x0800338b   Thumb Code   140  stm32f0xx_hal_spi.o(i.SPI_WaitFlagStateUntilTimeout)
    i.SVC_Handler                            0x08003416   Section        0  stm32f0xx_it.o(i.SVC_Handler)
    i.SendPacket                             0x08003418   Section        0  main.o(i.SendPacket)
    i.SysTick_Handler                        0x08003468   Section        0  stm32f0xx_it.o(i.SysTick_Handler)
    i.SystemClock_Config                     0x08003474   Section        0  main.o(i.SystemClock_Config)
    i.SystemInit                             0x080034f8   Section        0  system_stm32f0xx.o(i.SystemInit)
    i.TIM17_IRQHandler                       0x08003554   Section        0  stm32f0xx_it.o(i.TIM17_IRQHandler)
    i.TIM_Base_SetConfig                     0x08003564   Section        0  stm32f0xx_hal_tim.o(i.TIM_Base_SetConfig)
    i.TIM_OC1_SetConfig                      0x080035dc   Section        0  stm32f0xx_hal_tim.o(i.TIM_OC1_SetConfig)
    TIM_OC1_SetConfig                        0x080035dd   Thumb Code   108  stm32f0xx_hal_tim.o(i.TIM_OC1_SetConfig)
    i.TIM_OC2_SetConfig                      0x08003654   Section        0  stm32f0xx_hal_tim.o(i.TIM_OC2_SetConfig)
    i.TIM_OC3_SetConfig                      0x080036c8   Section        0  stm32f0xx_hal_tim.o(i.TIM_OC3_SetConfig)
    TIM_OC3_SetConfig                        0x080036c9   Thumb Code   106  stm32f0xx_hal_tim.o(i.TIM_OC3_SetConfig)
    i.TIM_OC4_SetConfig                      0x08003740   Section        0  stm32f0xx_hal_tim.o(i.TIM_OC4_SetConfig)
    TIM_OC4_SetConfig                        0x08003741   Thumb Code    84  stm32f0xx_hal_tim.o(i.TIM_OC4_SetConfig)
    i.UART_AdvFeatureConfig                  0x080037a0   Section        0  stm32f0xx_hal_uart.o(i.UART_AdvFeatureConfig)
    i.UART_CheckIdleState                    0x0800386a   Section        0  stm32f0xx_hal_uart.o(i.UART_CheckIdleState)
    i.UART_SetConfig                         0x0800387c   Section        0  stm32f0xx_hal_uart.o(i.UART_SetConfig)
    i.UART_WaitOnFlagUntilTimeout            0x08003990   Section        0  stm32f0xx_hal_uart.o(i.UART_WaitOnFlagUntilTimeout)
    i.WriteCmd                               0x080039f4   Section        0  oled_i2c.o(i.WriteCmd)
    i._Error_Handler                         0x08003a18   Section        0  main.o(i._Error_Handler)
    i.__0printf                              0x08003a1c   Section        0  printfa.o(i.__0printf)
    i.__0sprintf                             0x08003a3c   Section        0  printfa.o(i.__0sprintf)
    i.__ARM_clz                              0x08003a64   Section        0  depilogue.o(i.__ARM_clz)
    i.__scatterload_copy                     0x08003a92   Section       14  handlers.o(i.__scatterload_copy)
    i.__scatterload_null                     0x08003aa0   Section        2  handlers.o(i.__scatterload_null)
    i.__scatterload_zeroinit                 0x08003aa2   Section       14  handlers.o(i.__scatterload_zeroinit)
    i._fp_digits                             0x08003ab0   Section        0  printfa.o(i._fp_digits)
    _fp_digits                               0x08003ab1   Thumb Code   344  printfa.o(i._fp_digits)
    i._printf_core                           0x08003c24   Section        0  printfa.o(i._printf_core)
    _printf_core                             0x08003c25   Thumb Code  1754  printfa.o(i._printf_core)
    i._printf_post_padding                   0x08004310   Section        0  printfa.o(i._printf_post_padding)
    _printf_post_padding                     0x08004311   Thumb Code    32  printfa.o(i._printf_post_padding)
    i._printf_pre_padding                    0x08004330   Section        0  printfa.o(i._printf_pre_padding)
    _printf_pre_padding                      0x08004331   Thumb Code    44  printfa.o(i._printf_pre_padding)
    i._sputc                                 0x0800435c   Section        0  printfa.o(i._sputc)
    _sputc                                   0x0800435d   Thumb Code    10  printfa.o(i._sputc)
    i.fputc                                  0x08004368   Section        0  main.o(i.fputc)
    i.main                                   0x08004380   Section        0  main.o(i.main)
    .constdata                               0x08004448   Section       16  system_stm32f0xx.o(.constdata)
    .constdata                               0x08004458   Section        8  system_stm32f0xx.o(.constdata)
    .constdata                               0x08004460   Section      365  si446x.o(.constdata)
    .constdata                               0x080045cd   Section      574  fonts.o(.constdata)
    .data                                    0x20000000   Section        4  stm32f0xx_hal.o(.data)
    .data                                    0x20000004   Section        4  system_stm32f0xx.o(.data)
    .data                                    0x20000008   Section       20  main.o(.data)
    tag                                      0x2000000c   Data           4  main.o(.data)
    .data                                    0x2000001c   Section       16  lcd_graph.o(.data)
    .data                                    0x2000002c   Section        4  stdout.o(.data)
    .bss                                     0x20000030   Section     1026  main.o(.bss)
    sbuf                                     0x20000030   Data         128  main.o(.bss)
    buf                                      0x200000b0   Data         128  main.o(.bss)
    buf                                      0x20000130   Data         128  main.o(.bss)
    buf                                      0x200001b0   Data         128  main.o(.bss)
    .bss                                     0x20000434   Section       68  main.o(.bss)
    .bss                                     0x20000478   Section     1236  lcd_graph.o(.bss)
    STACK                                    0x20000950   Section     1024  startup_stm32f030x6.o(STACK)

    Global Symbols

    Symbol Name                              Value     Ov Type        Size  Object(Section)

    BuildAttributes$$THM_ISAv3M$S$PE$A:L22$X:L11$S22$IEEE1$IW$USESV6$~STKCKD$USESV7$~SHL$OTIME$ROPI$EBA8$MICROLIB$REQ8$PRES8$EABIv2 0x00000000   Number         0  anon$$obj.o ABSOLUTE
    __ARM_use_no_argv                        0x00000000   Number         0  main.o ABSOLUTE
    _printf_a                                0x00000000   Number         0  stubs.o ABSOLUTE
    _printf_c                                0x00000000   Number         0  stubs.o ABSOLUTE
    _printf_charcount                        0x00000000   Number         0  stubs.o ABSOLUTE
    _printf_d                                0x00000000   Number         0  stubs.o ABSOLUTE
    _printf_e                                0x00000000   Number         0  stubs.o ABSOLUTE
    _printf_f                                0x00000000   Number         0  stubs.o ABSOLUTE
    _printf_flags                            0x00000000   Number         0  stubs.o ABSOLUTE
    _printf_fp_dec                           0x00000000   Number         0  stubs.o ABSOLUTE
    _printf_fp_hex                           0x00000000   Number         0  stubs.o ABSOLUTE
    _printf_g                                0x00000000   Number         0  stubs.o ABSOLUTE
    _printf_i                                0x00000000   Number         0  stubs.o ABSOLUTE
    _printf_int_dec                          0x00000000   Number         0  stubs.o ABSOLUTE
    _printf_l                                0x00000000   Number         0  stubs.o ABSOLUTE
    _printf_lc                               0x00000000   Number         0  stubs.o ABSOLUTE
    _printf_ll                               0x00000000   Number         0  stubs.o ABSOLUTE
    _printf_lld                              0x00000000   Number         0  stubs.o ABSOLUTE
    _printf_lli                              0x00000000   Number         0  stubs.o ABSOLUTE
    _printf_llo                              0x00000000   Number         0  stubs.o ABSOLUTE
    _printf_llu                              0x00000000   Number         0  stubs.o ABSOLUTE
    _printf_llx                              0x00000000   Number         0  stubs.o ABSOLUTE
    _printf_longlong_dec                     0x00000000   Number         0  stubs.o ABSOLUTE
    _printf_longlong_hex                     0x00000000   Number         0  stubs.o ABSOLUTE
    _printf_longlong_oct                     0x00000000   Number         0  stubs.o ABSOLUTE
    _printf_ls                               0x00000000   Number         0  stubs.o ABSOLUTE
    _printf_mbtowc                           0x00000000   Number         0  stubs.o ABSOLUTE
    _printf_n                                0x00000000   Number         0  stubs.o ABSOLUTE
    _printf_o                                0x00000000   Number         0  stubs.o ABSOLUTE
    _printf_p                                0x00000000   Number         0  stubs.o ABSOLUTE
    _printf_percent                          0x00000000   Number         0  stubs.o ABSOLUTE
    _printf_pre_padding                      0x00000000   Number         0  stubs.o ABSOLUTE
    _printf_return_value                     0x00000000   Number         0  stubs.o ABSOLUTE
    _printf_s                                0x00000000   Number         0  stubs.o ABSOLUTE
    _printf_sizespec                         0x00000000   Number         0  stubs.o ABSOLUTE
    _printf_str                              0x00000000   Number         0  stubs.o ABSOLUTE
    _printf_truncate_signed                  0x00000000   Number         0  stubs.o ABSOLUTE
    _printf_truncate_unsigned                0x00000000   Number         0  stubs.o ABSOLUTE
    _printf_u                                0x00000000   Number         0  stubs.o ABSOLUTE
    _printf_wc                               0x00000000   Number         0  stubs.o ABSOLUTE
    _printf_wctomb                           0x00000000   Number         0  stubs.o ABSOLUTE
    _printf_widthprec                        0x00000000   Number         0  stubs.o ABSOLUTE
    _printf_x                                0x00000000   Number         0  stubs.o ABSOLUTE
    __cpp_initialize__aeabi_                  - Undefined Weak Reference
    __cxa_finalize                            - Undefined Weak Reference
    __decompress                              - Undefined Weak Reference
    _clock_init                               - Undefined Weak Reference
    _microlib_exit                            - Undefined Weak Reference
    __Vectors_Size                           0x000000b0   Number         0  startup_stm32f030x6.o ABSOLUTE
    __Vectors                                0x08000000   Data           4  startup_stm32f030x6.o(RESET)
    __Vectors_End                            0x080000b0   Data           0  startup_stm32f030x6.o(RESET)
    __main                                   0x080000b1   Thumb Code     0  entry.o(.ARM.Collect$$$$00000000)
    _main_stk                                0x080000b1   Thumb Code     0  entry2.o(.ARM.Collect$$$$00000001)
    _main_scatterload                        0x080000b5   Thumb Code     0  entry5.o(.ARM.Collect$$$$00000004)
    __main_after_scatterload                 0x080000b9   Thumb Code     0  entry5.o(.ARM.Collect$$$$00000004)
    _main_clock                              0x080000b9   Thumb Code     0  entry7b.o(.ARM.Collect$$$$00000008)
    _main_cpp_init                           0x080000b9   Thumb Code     0  entry8b.o(.ARM.Collect$$$$0000000A)
    _main_init                               0x080000b9   Thumb Code     0  entry9a.o(.ARM.Collect$$$$0000000B)
    __rt_final_cpp                           0x080000c1   Thumb Code     0  entry10a.o(.ARM.Collect$$$$0000000D)
    __rt_final_exit                          0x080000c1   Thumb Code     0  entry11a.o(.ARM.Collect$$$$0000000F)
    Reset_Handler                            0x080000c5   Thumb Code     8  startup_stm32f030x6.o(.text)
    ADC1_IRQHandler                          0x080000d7   Thumb Code     0  startup_stm32f030x6.o(.text)
    DMA1_Channel2_3_IRQHandler               0x080000d7   Thumb Code     0  startup_stm32f030x6.o(.text)
    DMA1_Channel4_5_IRQHandler               0x080000d7   Thumb Code     0  startup_stm32f030x6.o(.text)
    EXTI0_1_IRQHandler                       0x080000d7   Thumb Code     0  startup_stm32f030x6.o(.text)
    EXTI2_3_IRQHandler                       0x080000d7   Thumb Code     0  startup_stm32f030x6.o(.text)
    FLASH_IRQHandler                         0x080000d7   Thumb Code     0  startup_stm32f030x6.o(.text)
    I2C1_IRQHandler                          0x080000d7   Thumb Code     0  startup_stm32f030x6.o(.text)
    RCC_IRQHandler                           0x080000d7   Thumb Code     0  startup_stm32f030x6.o(.text)
    RTC_IRQHandler                           0x080000d7   Thumb Code     0  startup_stm32f030x6.o(.text)
    SPI1_IRQHandler                          0x080000d7   Thumb Code     0  startup_stm32f030x6.o(.text)
    TIM14_IRQHandler                         0x080000d7   Thumb Code     0  startup_stm32f030x6.o(.text)
    TIM16_IRQHandler                         0x080000d7   Thumb Code     0  startup_stm32f030x6.o(.text)
    TIM1_BRK_UP_TRG_COM_IRQHandler           0x080000d7   Thumb Code     0  startup_stm32f030x6.o(.text)
    TIM1_CC_IRQHandler                       0x080000d7   Thumb Code     0  startup_stm32f030x6.o(.text)
    TIM3_IRQHandler                          0x080000d7   Thumb Code     0  startup_stm32f030x6.o(.text)
    USART1_IRQHandler                        0x080000d7   Thumb Code     0  startup_stm32f030x6.o(.text)
    WWDG_IRQHandler                          0x080000d7   Thumb Code     0  startup_stm32f030x6.o(.text)
    __aeabi_uidiv                            0x080000e1   Thumb Code     0  uidiv.o(.text)
    __aeabi_uidivmod                         0x080000e1   Thumb Code    44  uidiv.o(.text)
    __aeabi_llsr                             0x0800010d   Thumb Code    34  llushr.o(.text)
    _ll_ushift_r                             0x0800010d   Thumb Code     0  llushr.o(.text)
    strlen                                   0x0800012f   Thumb Code    14  strlen.o(.text)
    __aeabi_fmul                             0x0800013d   Thumb Code   122  fmul.o(.text)
    __aeabi_fdiv                             0x080001b7   Thumb Code   124  fdiv.o(.text)
    __aeabi_dadd                             0x08000235   Thumb Code   328  dadd.o(.text)
    __aeabi_dsub                             0x0800037d   Thumb Code    12  dadd.o(.text)
    __aeabi_drsub                            0x08000389   Thumb Code    12  dadd.o(.text)
    __aeabi_dmul                             0x08000399   Thumb Code   202  dmul.o(.text)
    __aeabi_ddiv                             0x08000469   Thumb Code   234  ddiv.o(.text)
    __ARM_scalbn                             0x08000559   Thumb Code    44  dscalb.o(.text)
    scalbn                                   0x08000559   Thumb Code     0  dscalb.o(.text)
    __aeabi_i2f                              0x08000585   Thumb Code    22  fflti.o(.text)
    __aeabi_ui2d                             0x0800059d   Thumb Code    24  dfltui.o(.text)
    __aeabi_f2d                              0x080005b9   Thumb Code    40  f2d.o(.text)
    __aeabi_d2f                              0x080005e1   Thumb Code    56  d2f.o(.text)
    __aeabi_uldivmod                         0x08000619   Thumb Code    96  uldiv.o(.text)
    __aeabi_llsl                             0x08000679   Thumb Code    32  llshl.o(.text)
    _ll_shift_l                              0x08000679   Thumb Code     0  llshl.o(.text)
    __aeabi_lasr                             0x08000699   Thumb Code    38  llsshr.o(.text)
    _ll_sshift_r                             0x08000699   Thumb Code     0  llsshr.o(.text)
    __I$use$fp                               0x080006bf   Thumb Code     0  iusefp.o(.text)
    _float_round                             0x080006bf   Thumb Code    16  fepilogue.o(.text)
    _float_epilogue                          0x080006cf   Thumb Code   114  fepilogue.o(.text)
    _double_round                            0x08000741   Thumb Code    26  depilogue.o(.text)
    _double_epilogue                         0x0800075b   Thumb Code   164  depilogue.o(.text)
    __aeabi_d2ulz                            0x08000801   Thumb Code    54  dfixul.o(.text)
    __aeabi_cdrcmple                         0x08000841   Thumb Code    38  cdrcmple.o(.text)
    __scatterload                            0x08000869   Thumb Code    28  init.o(.text)
    __scatterload_rt2                        0x08000869   Thumb Code     0  init.o(.text)
    DMA1_Channel1_IRQHandler                 0x080009a1   Thumb Code    10  stm32f0xx_it.o(i.DMA1_Channel1_IRQHandler)
    EXTI4_15_IRQHandler                      0x080009fd   Thumb Code    12  stm32f0xx_it.o(i.EXTI4_15_IRQHandler)
    GetBatteryVoltage                        0x08000a09   Thumb Code    38  main.o(i.GetBatteryVoltage)
    HAL_ADC_ConfigChannel                    0x08000a41   Thumb Code   254  stm32f0xx_hal_adc.o(i.HAL_ADC_ConfigChannel)
    HAL_ADC_ConvCpltCallback                 0x08000b51   Thumb Code     2  stm32f0xx_hal_adc.o(i.HAL_ADC_ConvCpltCallback)
    HAL_ADC_ConvHalfCpltCallback             0x08000b53   Thumb Code     2  stm32f0xx_hal_adc.o(i.HAL_ADC_ConvHalfCpltCallback)
    HAL_ADC_ErrorCallback                    0x08000b55   Thumb Code     2  stm32f0xx_hal_adc.o(i.HAL_ADC_ErrorCallback)
    HAL_ADC_Init                             0x08000b59   Thumb Code   364  stm32f0xx_hal_adc.o(i.HAL_ADC_Init)
    HAL_ADC_MspInit                          0x08000ccd   Thumb Code   118  stm32f0xx_hal_msp.o(i.HAL_ADC_MspInit)
    HAL_ADC_Start_DMA                        0x08000d75   Thumb Code   144  stm32f0xx_hal_adc.o(i.HAL_ADC_Start_DMA)
    HAL_DMA_IRQHandler                       0x08000e15   Thumb Code   156  stm32f0xx_hal_dma.o(i.HAL_DMA_IRQHandler)
    HAL_DMA_Init                             0x08000eb1   Thumb Code    84  stm32f0xx_hal_dma.o(i.HAL_DMA_Init)
    HAL_DMA_Start_IT                         0x08000f09   Thumb Code   106  stm32f0xx_hal_dma.o(i.HAL_DMA_Start_IT)
    HAL_Delay                                0x08000f73   Thumb Code    28  stm32f0xx_hal.o(i.HAL_Delay)
    HAL_GPIO_EXTI_Callback                   0x08000f8f   Thumb Code    14  main.o(i.HAL_GPIO_EXTI_Callback)
    HAL_GPIO_EXTI_IRQHandler                 0x08000f9d   Thumb Code    18  stm32f0xx_hal_gpio.o(i.HAL_GPIO_EXTI_IRQHandler)
    HAL_GPIO_Init                            0x08000fb5   Thumb Code   302  stm32f0xx_hal_gpio.o(i.HAL_GPIO_Init)
    HAL_GPIO_WritePin                        0x080010fd   Thumb Code    12  stm32f0xx_hal_gpio.o(i.HAL_GPIO_WritePin)
    HAL_GetTick                              0x08001109   Thumb Code     6  stm32f0xx_hal.o(i.HAL_GetTick)
    HAL_I2CEx_ConfigAnalogFilter             0x08001115   Thumb Code    74  stm32f0xx_hal_i2c_ex.o(i.HAL_I2CEx_ConfigAnalogFilter)
    HAL_I2CEx_ConfigDigitalFilter            0x0800115f   Thumb Code    72  stm32f0xx_hal_i2c_ex.o(i.HAL_I2CEx_ConfigDigitalFilter)
    HAL_I2C_Init                             0x080011a9   Thumb Code   176  stm32f0xx_hal_i2c.o(i.HAL_I2C_Init)
    HAL_I2C_Mem_Write                        0x0800125d   Thumb Code   334  stm32f0xx_hal_i2c.o(i.HAL_I2C_Mem_Write)
    HAL_I2C_MspInit                          0x080013b1   Thumb Code    60  stm32f0xx_hal_msp.o(i.HAL_I2C_MspInit)
    HAL_IncTick                              0x080013f9   Thumb Code    10  stm32f0xx_hal.o(i.HAL_IncTick)
    HAL_Init                                 0x08001409   Thumb Code    26  stm32f0xx_hal.o(i.HAL_Init)
    HAL_InitTick                             0x08001429   Thumb Code    34  stm32f0xx_hal.o(i.HAL_InitTick)
    HAL_MspInit                              0x0800144d   Thumb Code    50  stm32f0xx_hal_msp.o(i.HAL_MspInit)
    HAL_MultiProcessor_Init                  0x08001485   Thumb Code   140  stm32f0xx_hal_uart.o(i.HAL_MultiProcessor_Init)
    HAL_NVIC_DisableIRQ                      0x08001511   Thumb Code    14  stm32f0xx_hal_cortex.o(i.HAL_NVIC_DisableIRQ)
    HAL_NVIC_EnableIRQ                       0x08001525   Thumb Code    14  stm32f0xx_hal_cortex.o(i.HAL_NVIC_EnableIRQ)
    HAL_NVIC_SetPriority                     0x08001539   Thumb Code     8  stm32f0xx_hal_cortex.o(i.HAL_NVIC_SetPriority)
    HAL_RCCEx_PeriphCLKConfig                0x08001541   Thumb Code   218  stm32f0xx_hal_rcc_ex.o(i.HAL_RCCEx_PeriphCLKConfig)
    HAL_RCC_ClockConfig                      0x08001629   Thumb Code   280  stm32f0xx_hal_rcc.o(i.HAL_RCC_ClockConfig)
    HAL_RCC_GetHCLKFreq                      0x08001755   Thumb Code     6  stm32f0xx_hal_rcc.o(i.HAL_RCC_GetHCLKFreq)
    HAL_RCC_GetPCLK1Freq                     0x08001761   Thumb Code    20  stm32f0xx_hal_rcc.o(i.HAL_RCC_GetPCLK1Freq)
    HAL_RCC_GetSysClockFreq                  0x08001781   Thumb Code    76  stm32f0xx_hal_rcc.o(i.HAL_RCC_GetSysClockFreq)
    HAL_RCC_OscConfig                        0x080017f9   Thumb Code   840  stm32f0xx_hal_rcc.o(i.HAL_RCC_OscConfig)
    HAL_SPI_Init                             0x08001b4d   Thumb Code   184  stm32f0xx_hal_spi.o(i.HAL_SPI_Init)
    HAL_SPI_MspInit                          0x08001c05   Thumb Code    58  stm32f0xx_hal_msp.o(i.HAL_SPI_MspInit)
    HAL_SPI_TransmitReceive                  0x08001c4d   Thumb Code   584  stm32f0xx_hal_spi.o(i.HAL_SPI_TransmitReceive)
    HAL_SYSTICK_CLKSourceConfig              0x08001e95   Thumb Code    20  stm32f0xx_hal_cortex.o(i.HAL_SYSTICK_CLKSourceConfig)
    HAL_SYSTICK_Callback                     0x08001ead   Thumb Code     2  stm32f0xx_hal_cortex.o(i.HAL_SYSTICK_Callback)
    HAL_SYSTICK_Config                       0x08001eb1   Thumb Code    38  stm32f0xx_hal_cortex.o(i.HAL_SYSTICK_Config)
    HAL_SYSTICK_IRQHandler                   0x08001ee1   Thumb Code     8  stm32f0xx_hal_cortex.o(i.HAL_SYSTICK_IRQHandler)
    HAL_TIMEx_BreakCallback                  0x08001ee9   Thumb Code     2  stm32f0xx_hal_tim_ex.o(i.HAL_TIMEx_BreakCallback)
    HAL_TIMEx_CommutationCallback            0x08001eeb   Thumb Code     2  stm32f0xx_hal_tim_ex.o(i.HAL_TIMEx_CommutationCallback)
    HAL_TIMEx_MasterConfigSynchronization    0x08001eed   Thumb Code    72  stm32f0xx_hal_tim_ex.o(i.HAL_TIMEx_MasterConfigSynchronization)
    HAL_TIM_Base_Init                        0x08001f35   Thumb Code    52  stm32f0xx_hal_tim.o(i.HAL_TIM_Base_Init)
    HAL_TIM_Base_MspInit                     0x08001f69   Thumb Code    46  stm32f0xx_hal_msp.o(i.HAL_TIM_Base_MspInit)
    HAL_TIM_Base_Start_IT                    0x08001fa1   Thumb Code    22  stm32f0xx_hal_tim.o(i.HAL_TIM_Base_Start_IT)
    HAL_TIM_IC_CaptureCallback               0x08001fb7   Thumb Code     2  stm32f0xx_hal_tim.o(i.HAL_TIM_IC_CaptureCallback)
    HAL_TIM_IRQHandler                       0x08001fb9   Thumb Code   354  stm32f0xx_hal_tim.o(i.HAL_TIM_IRQHandler)
    HAL_TIM_MspPostInit                      0x0800211d   Thumb Code    40  stm32f0xx_hal_msp.o(i.HAL_TIM_MspPostInit)
    HAL_TIM_OC_DelayElapsedCallback          0x0800214d   Thumb Code     2  stm32f0xx_hal_tim.o(i.HAL_TIM_OC_DelayElapsedCallback)
    HAL_TIM_PWM_ConfigChannel                0x0800214f   Thumb Code   208  stm32f0xx_hal_tim.o(i.HAL_TIM_PWM_ConfigChannel)
    HAL_TIM_PWM_Init                         0x0800221f   Thumb Code    52  stm32f0xx_hal_tim.o(i.HAL_TIM_PWM_Init)
    HAL_TIM_PWM_MspInit                      0x08002255   Thumb Code    28  stm32f0xx_hal_msp.o(i.HAL_TIM_PWM_MspInit)
    HAL_TIM_PWM_PulseFinishedCallback        0x08002279   Thumb Code     2  stm32f0xx_hal_tim.o(i.HAL_TIM_PWM_PulseFinishedCallback)
    HAL_TIM_PeriodElapsedCallback            0x0800227d   Thumb Code    16  main.o(i.HAL_TIM_PeriodElapsedCallback)
    HAL_TIM_TriggerCallback                  0x08002291   Thumb Code     2  stm32f0xx_hal_tim.o(i.HAL_TIM_TriggerCallback)
    HAL_UART_MspInit                         0x08002295   Thumb Code    66  stm32f0xx_hal_msp.o(i.HAL_UART_MspInit)
    HAL_UART_Transmit                        0x080022e1   Thumb Code   200  stm32f0xx_hal_uart.o(i.HAL_UART_Transmit)
    Handle_ACK                               0x080023a9   Thumb Code    18  main.o(i.Handle_ACK)
    Handle_SI_IRQ                            0x080023c1   Thumb Code   124  main.o(i.Handle_SI_IRQ)
    HardFault_Handler                        0x08002449   Thumb Code     2  stm32f0xx_it.o(i.HardFault_Handler)
    LCD_PutStrXY                             0x08002659   Thumb Code    58  lcd_graph.o(i.LCD_PutStrXY)
    LCD_Refresh                              0x0800269d   Thumb Code    68  lcd_graph.o(i.LCD_Refresh)
    LCD_SetFont                              0x080026e5   Thumb Code    26  lcd_graph.o(i.LCD_SetFont)
    LCD_SetRC                                0x08002705   Thumb Code    20  lcd_graph.o(i.LCD_SetRC)
    LCD_bDrawPoint                           0x08002719   Thumb Code    42  lcd_graph.o(i.LCD_bDrawPoint)
    LCD_bPutChar                             0x08002749   Thumb Code   310  lcd_graph.o(i.LCD_bPutChar)
    LCD_bPutStr                              0x08002889   Thumb Code    28  lcd_graph.o(i.LCD_bPutStr)
    LCD_bPutStrXY                            0x080028a5   Thumb Code    44  lcd_graph.o(i.LCD_bPutStrXY)
    LCD_bSetXY                               0x080028d5   Thumb Code    20  lcd_graph.o(i.LCD_bSetXY)
    NMI_Handler                              0x08002c15   Thumb Code     2  stm32f0xx_it.o(i.NMI_Handler)
    OLED_Fill                                0x08002c5d   Thumb Code    54  oled_i2c.o(i.OLED_Fill)
    OLED_Init                                0x08002c93   Thumb Code   170  oled_i2c.o(i.OLED_Init)
    OLED_Loop                                0x08002d3d   Thumb Code   278  main.o(i.OLED_Loop)
    OLED_On                                  0x08002eb9   Thumb Code    22  oled_i2c.o(i.OLED_On)
    OLED_SetPos                              0x08002ecf   Thumb Code    34  oled_i2c.o(i.OLED_SetPos)
    OLED_WriteDat                            0x08002ef1   Thumb Code    32  oled_i2c.o(i.OLED_WriteDat)
    PendSV_Handler                           0x08002f15   Thumb Code     2  stm32f0xx_it.o(i.PendSV_Handler)
    RecvPacket                               0x08002f19   Thumb Code    26  main.o(i.RecvPacket)
    SI446X_CHANGE_STATE                      0x08002f3d   Thumb Code    20  si446x.o(i.SI446X_CHANGE_STATE)
    SI446X_CMD                               0x08002f51   Thumb Code    60  si446x.o(i.SI446X_CMD)
    SI446X_CONFIG_INIT                       0x08002f8d   Thumb Code    32  si446x.o(i.SI446X_CONFIG_INIT)
    SI446X_GET_DEVICE_STATE                  0x08002fb1   Thumb Code    14  si446x.o(i.SI446X_GET_DEVICE_STATE)
    SI446X_GET_FRR_REG                       0x08002fbf   Thumb Code    50  si446x.o(i.SI446X_GET_FRR_REG)
    SI446X_INT_STATUS                        0x08002ff1   Thumb Code    36  si446x.o(i.SI446X_INT_STATUS)
    SI446X_READ_PACKET                       0x08003015   Thumb Code    74  si446x.o(i.SI446X_READ_PACKET)
    SI446X_READ_RESPONSE                     0x0800305f   Thumb Code    68  si446x.o(i.SI446X_READ_RESPONSE)
    SI446X_RESET                             0x080030a5   Thumb Code    78  si446x.o(i.SI446X_RESET)
    SI446X_RX_FIFO_RESET                     0x080030f9   Thumb Code    18  si446x.o(i.SI446X_RX_FIFO_RESET)
    SI446X_SEND_PACKET                       0x0800310d   Thumb Code   108  si446x.o(i.SI446X_SEND_PACKET)
    SI446X_SET_PROPERTY_1                    0x0800317d   Thumb Code    30  si446x.o(i.SI446X_SET_PROPERTY_1)
    SI446X_START_RX                          0x0800319d   Thumb Code    88  si446x.o(i.SI446X_START_RX)
    SI446X_START_TX                          0x080031f9   Thumb Code    66  si446x.o(i.SI446X_START_TX)
    SI446X_TX_FIFO_RESET                     0x0800323b   Thumb Code    20  si446x.o(i.SI446X_TX_FIFO_RESET)
    SI446X_WAIT_CTS                          0x0800324f   Thumb Code    50  si446x.o(i.SI446X_WAIT_CTS)
    SPI_RW                                   0x080032cd   Thumb Code    34  bsp.o(i.SPI_RW)
    SVC_Handler                              0x08003417   Thumb Code     2  stm32f0xx_it.o(i.SVC_Handler)
    SendPacket                               0x08003419   Thumb Code    70  main.o(i.SendPacket)
    SysTick_Handler                          0x08003469   Thumb Code    12  stm32f0xx_it.o(i.SysTick_Handler)
    SystemClock_Config                       0x08003475   Thumb Code   130  main.o(i.SystemClock_Config)
    SystemInit                               0x080034f9   Thumb Code    78  system_stm32f0xx.o(i.SystemInit)
    TIM17_IRQHandler                         0x08003555   Thumb Code    10  stm32f0xx_it.o(i.TIM17_IRQHandler)
    TIM_Base_SetConfig                       0x08003565   Thumb Code   100  stm32f0xx_hal_tim.o(i.TIM_Base_SetConfig)
    TIM_OC2_SetConfig                        0x08003655   Thumb Code   104  stm32f0xx_hal_tim.o(i.TIM_OC2_SetConfig)
    UART_AdvFeatureConfig                    0x080037a1   Thumb Code   202  stm32f0xx_hal_uart.o(i.UART_AdvFeatureConfig)
    UART_CheckIdleState                      0x0800386b   Thumb Code    18  stm32f0xx_hal_uart.o(i.UART_CheckIdleState)
    UART_SetConfig                           0x0800387d   Thumb Code   258  stm32f0xx_hal_uart.o(i.UART_SetConfig)
    UART_WaitOnFlagUntilTimeout              0x08003991   Thumb Code    98  stm32f0xx_hal_uart.o(i.UART_WaitOnFlagUntilTimeout)
    WriteCmd                                 0x080039f5   Thumb Code    32  oled_i2c.o(i.WriteCmd)
    _Error_Handler                           0x08003a19   Thumb Code     2  main.o(i._Error_Handler)
    __0printf                                0x08003a1d   Thumb Code    24  printfa.o(i.__0printf)
    __1printf                                0x08003a1d   Thumb Code     0  printfa.o(i.__0printf)
    __2printf                                0x08003a1d   Thumb Code     0  printfa.o(i.__0printf)
    __c89printf                              0x08003a1d   Thumb Code     0  printfa.o(i.__0printf)
    printf                                   0x08003a1d   Thumb Code     0  printfa.o(i.__0printf)
    __0sprintf                               0x08003a3d   Thumb Code    36  printfa.o(i.__0sprintf)
    __1sprintf                               0x08003a3d   Thumb Code     0  printfa.o(i.__0sprintf)
    __2sprintf                               0x08003a3d   Thumb Code     0  printfa.o(i.__0sprintf)
    __c89sprintf                             0x08003a3d   Thumb Code     0  printfa.o(i.__0sprintf)
    sprintf                                  0x08003a3d   Thumb Code     0  printfa.o(i.__0sprintf)
    __ARM_clz                                0x08003a65   Thumb Code    46  depilogue.o(i.__ARM_clz)
    __scatterload_copy                       0x08003a93   Thumb Code    14  handlers.o(i.__scatterload_copy)
    __scatterload_null                       0x08003aa1   Thumb Code     2  handlers.o(i.__scatterload_null)
    __scatterload_zeroinit                   0x08003aa3   Thumb Code    14  handlers.o(i.__scatterload_zeroinit)
    fputc                                    0x08004369   Thumb Code    20  main.o(i.fputc)
    main                                     0x08004381   Thumb Code   158  main.o(i.main)
    AHBPrescTable                            0x08004448   Data          16  system_stm32f0xx.o(.constdata)
    APBPrescTable                            0x08004458   Data           8  system_stm32f0xx.o(.constdata)
    config_table_1k                          0x08004460   Data         365  si446x.o(.constdata)
    SmallFont6_8                             0x080045cd   Data         574  fonts.o(.constdata)
    Region$$Table$$Base                      0x0800480c   Number         0  anon$$obj.o(Region$$Table)
    Region$$Table$$Limit                     0x0800482c   Number         0  anon$$obj.o(Region$$Table)
    uwTick                                   0x20000000   Data           4  stm32f0xx_hal.o(.data)
    SystemCoreClock                          0x20000004   Data           4  system_stm32f0xx.o(.data)
    tx_rssi                                  0x20000008   Data           1  main.o(.data)
    rx_rssi                                  0x20000009   Data           1  main.o(.data)
    delay                                    0x2000000a   Data           2  main.o(.data)
    sent                                     0x20000010   Data           4  main.o(.data)
    received                                 0x20000014   Data           4  main.o(.data)
    rpc                                      0x20000018   Data           4  main.o(.data)
    buf_ptr                                  0x2000001c   Data           2  lcd_graph.o(.data)
    start_ptr                                0x2000001e   Data           2  lcd_graph.o(.data)
    processBarCount                          0x20000020   Data           4  lcd_graph.o(.data)
    screen_x                                 0x20000024   Data           4  lcd_graph.o(.data)
    screen_y                                 0x20000028   Data           4  lcd_graph.o(.data)
    __stdout                                 0x2000002c   Data           4  stdout.o(.data)
    hadc                                     0x20000230   Data          76  main.o(.bss)
    hi2c1                                    0x2000027c   Data          76  main.o(.bss)
    hspi1                                    0x200002c8   Data         100  main.o(.bss)
    htim3                                    0x2000032c   Data          64  main.o(.bss)
    htim17                                   0x2000036c   Data          64  main.o(.bss)
    huart1                                   0x200003ac   Data         112  main.o(.bss)
    adc_value                                0x2000041c   Data          22  main.o(.bss)
    hdma_adc                                 0x20000434   Data          68  main.o(.bss)
    lcd_buf                                  0x20000478   Data        1024  lcd_graph.o(.bss)
    cfont                                    0x20000878   Data          12  lcd_graph.o(.bss)
    PBPool                                   0x20000884   Data         200  lcd_graph.o(.bss)
    __initial_sp                             0x20000d50   Data           0  startup_stm32f030x6.o(STACK)



==============================================================================

Memory Map of the image

  Image Entry point : 0x080000b1

  Load Region LR_IROM1 (Base: 0x08000000, Size: 0x0000485c, Max: 0x00008000, ABSOLUTE)

    Execution Region ER_IROM1 (Base: 0x08000000, Size: 0x0000482c, Max: 0x00008000, ABSOLUTE)

    Base Addr    Size         Type   Attr      Idx    E Section Name        Object

    0x08000000   0x000000b0   Data   RO            3    RESET               startup_stm32f030x6.o
    0x080000b0   0x00000000   Code   RO         4098  * .ARM.Collect$$$$00000000  mc_p.l(entry.o)
    0x080000b0   0x00000004   Code   RO         4392    .ARM.Collect$$$$00000001  mc_p.l(entry2.o)
    0x080000b4   0x00000004   Code   RO         4395    .ARM.Collect$$$$00000004  mc_p.l(entry5.o)
    0x080000b8   0x00000000   Code   RO         4397    .ARM.Collect$$$$00000008  mc_p.l(entry7b.o)
    0x080000b8   0x00000000   Code   RO         4399    .ARM.Collect$$$$0000000A  mc_p.l(entry8b.o)
    0x080000b8   0x00000008   Code   RO         4400    .ARM.Collect$$$$0000000B  mc_p.l(entry9a.o)
    0x080000c0   0x00000000   Code   RO         4402    .ARM.Collect$$$$0000000D  mc_p.l(entry10a.o)
    0x080000c0   0x00000000   Code   RO         4404    .ARM.Collect$$$$0000000F  mc_p.l(entry11a.o)
    0x080000c0   0x00000004   Code   RO         4393    .ARM.Collect$$$$00002712  mc_p.l(entry2.o)
    0x080000c4   0x0000001c   Code   RO            4    .text               startup_stm32f030x6.o
    0x080000e0   0x0000002c   Code   RO         4101    .text               mc_p.l(uidiv.o)
    0x0800010c   0x00000022   Code   RO         4105    .text               mc_p.l(llushr.o)
    0x0800012e   0x0000000e   Code   RO         4107    .text               mc_p.l(strlen.o)
    0x0800013c   0x0000007a   Code   RO         4370    .text               mf_p.l(fmul.o)
    0x080001b6   0x0000007c   Code   RO         4372    .text               mf_p.l(fdiv.o)
    0x08000232   0x00000002   PAD
    0x08000234   0x00000164   Code   RO         4374    .text               mf_p.l(dadd.o)
    0x08000398   0x000000d0   Code   RO         4376    .text               mf_p.l(dmul.o)
    0x08000468   0x000000f0   Code   RO         4378    .text               mf_p.l(ddiv.o)
    0x08000558   0x0000002c   Code   RO         4380    .text               mf_p.l(dscalb.o)
    0x08000584   0x00000016   Code   RO         4382    .text               mf_p.l(fflti.o)
    0x0800059a   0x00000002   PAD
    0x0800059c   0x0000001c   Code   RO         4386    .text               mf_p.l(dfltui.o)
    0x080005b8   0x00000028   Code   RO         4388    .text               mf_p.l(f2d.o)
    0x080005e0   0x00000038   Code   RO         4390    .text               mf_p.l(d2f.o)
    0x08000618   0x00000060   Code   RO         4407    .text               mc_p.l(uldiv.o)
    0x08000678   0x00000020   Code   RO         4409    .text               mc_p.l(llshl.o)
    0x08000698   0x00000026   Code   RO         4411    .text               mc_p.l(llsshr.o)
    0x080006be   0x00000000   Code   RO         4413    .text               mc_p.l(iusefp.o)
    0x080006be   0x00000082   Code   RO         4414    .text               mf_p.l(fepilogue.o)
    0x08000740   0x000000be   Code   RO         4416    .text               mf_p.l(depilogue.o)
    0x080007fe   0x00000002   PAD
    0x08000800   0x00000040   Code   RO         4420    .text               mf_p.l(dfixul.o)
    0x08000840   0x00000028   Code   RO         4422    .text               mf_p.l(cdrcmple.o)
    0x08000868   0x00000024   Code   RO         4424    .text               mc_p.l(init.o)
    0x0800088c   0x0000006c   Code   RO         2965    i.ADC_DMAConvCplt   stm32f0xx_hal_adc.o
    0x080008f8   0x0000001a   Code   RO         2966    i.ADC_DMAError      stm32f0xx_hal_adc.o
    0x08000912   0x0000000a   Code   RO         2967    i.ADC_DMAHalfConvCplt  stm32f0xx_hal_adc.o
    0x0800091c   0x00000084   Code   RO         2969    i.ADC_Enable        stm32f0xx_hal_adc.o
    0x080009a0   0x00000010   Code   RO         3420    i.DMA1_Channel1_IRQHandler  stm32f0xx_it.o
    0x080009b0   0x00000024   Code   RO          489    i.DMA_CalcBaseAndBitshift  stm32f0xx_hal_dma.o
    0x080009d4   0x00000028   Code   RO          490    i.DMA_SetConfig     stm32f0xx_hal_dma.o
    0x080009fc   0x0000000c   Code   RO         3421    i.EXTI4_15_IRQHandler  stm32f0xx_it.o
    0x08000a08   0x00000038   Code   RO         3273    i.GetBatteryVoltage  main.o
    0x08000a40   0x00000110   Code   RO         2971    i.HAL_ADC_ConfigChannel  stm32f0xx_hal_adc.o
    0x08000b50   0x00000002   Code   RO         2972    i.HAL_ADC_ConvCpltCallback  stm32f0xx_hal_adc.o
    0x08000b52   0x00000002   Code   RO         2973    i.HAL_ADC_ConvHalfCpltCallback  stm32f0xx_hal_adc.o
    0x08000b54   0x00000002   Code   RO         2975    i.HAL_ADC_ErrorCallback  stm32f0xx_hal_adc.o
    0x08000b56   0x00000002   PAD
    0x08000b58   0x00000174   Code   RO         2980    i.HAL_ADC_Init      stm32f0xx_hal_adc.o
    0x08000ccc   0x000000a8   Code   RO         3175    i.HAL_ADC_MspInit   stm32f0xx_hal_msp.o
    0x08000d74   0x000000a0   Code   RO         2987    i.HAL_ADC_Start_DMA  stm32f0xx_hal_adc.o
    0x08000e14   0x0000009c   Code   RO          496    i.HAL_DMA_IRQHandler  stm32f0xx_hal_dma.o
    0x08000eb0   0x00000058   Code   RO          497    i.HAL_DMA_Init      stm32f0xx_hal_dma.o
    0x08000f08   0x0000006a   Code   RO          501    i.HAL_DMA_Start_IT  stm32f0xx_hal_dma.o
    0x08000f72   0x0000001c   Code   RO          606    i.HAL_Delay         stm32f0xx_hal.o
    0x08000f8e   0x0000000e   Code   RO         3275    i.HAL_GPIO_EXTI_Callback  main.o
    0x08000f9c   0x00000018   Code   RO          760    i.HAL_GPIO_EXTI_IRQHandler  stm32f0xx_hal_gpio.o
    0x08000fb4   0x00000148   Code   RO          761    i.HAL_GPIO_Init     stm32f0xx_hal_gpio.o
    0x080010fc   0x0000000c   Code   RO          765    i.HAL_GPIO_WritePin  stm32f0xx_hal_gpio.o
    0x08001108   0x0000000c   Code   RO          610    i.HAL_GetTick       stm32f0xx_hal.o
    0x08001114   0x0000004a   Code   RO          451    i.HAL_I2CEx_ConfigAnalogFilter  stm32f0xx_hal_i2c_ex.o
    0x0800115e   0x00000048   Code   RO          452    i.HAL_I2CEx_ConfigDigitalFilter  stm32f0xx_hal_i2c_ex.o
    0x080011a6   0x00000002   PAD
    0x080011a8   0x000000b4   Code   RO         1884    i.HAL_I2C_Init      stm32f0xx_hal_i2c.o
    0x0800125c   0x00000154   Code   RO         1903    i.HAL_I2C_Mem_Write  stm32f0xx_hal_i2c.o
    0x080013b0   0x00000048   Code   RO         3177    i.HAL_I2C_MspInit   stm32f0xx_hal_msp.o
    0x080013f8   0x00000010   Code   RO          614    i.HAL_IncTick       stm32f0xx_hal.o
    0x08001408   0x00000020   Code   RO          615    i.HAL_Init          stm32f0xx_hal.o
    0x08001428   0x00000022   Code   RO          616    i.HAL_InitTick      stm32f0xx_hal.o
    0x0800144a   0x00000002   PAD
    0x0800144c   0x00000038   Code   RO         3178    i.HAL_MspInit       stm32f0xx_hal_msp.o
    0x08001484   0x0000008c   Code   RO         2303    i.HAL_MultiProcessor_Init  stm32f0xx_hal_uart.o
    0x08001510   0x00000014   Code   RO         2871    i.HAL_NVIC_DisableIRQ  stm32f0xx_hal_cortex.o
    0x08001524   0x00000014   Code   RO         2872    i.HAL_NVIC_EnableIRQ  stm32f0xx_hal_cortex.o
    0x08001538   0x00000008   Code   RO         2876    i.HAL_NVIC_SetPriority  stm32f0xx_hal_cortex.o
    0x08001540   0x000000e8   Code   RO         2662    i.HAL_RCCEx_PeriphCLKConfig  stm32f0xx_hal_rcc_ex.o
    0x08001628   0x0000012c   Code   RO         2693    i.HAL_RCC_ClockConfig  stm32f0xx_hal_rcc.o
    0x08001754   0x0000000c   Code   RO         2698    i.HAL_RCC_GetHCLKFreq  stm32f0xx_hal_rcc.o
    0x08001760   0x00000020   Code   RO         2700    i.HAL_RCC_GetPCLK1Freq  stm32f0xx_hal_rcc.o
    0x08001780   0x00000078   Code   RO         2701    i.HAL_RCC_GetSysClockFreq  stm32f0xx_hal_rcc.o
    0x080017f8   0x00000354   Code   RO         2704    i.HAL_RCC_OscConfig  stm32f0xx_hal_rcc.o
    0x08001b4c   0x000000b8   Code   RO          851    i.HAL_SPI_Init      stm32f0xx_hal_spi.o
    0x08001c04   0x00000048   Code   RO         3180    i.HAL_SPI_MspInit   stm32f0xx_hal_msp.o
    0x08001c4c   0x00000248   Code   RO          860    i.HAL_SPI_TransmitReceive  stm32f0xx_hal_spi.o
    0x08001e94   0x00000018   Code   RO         2878    i.HAL_SYSTICK_CLKSourceConfig  stm32f0xx_hal_cortex.o
    0x08001eac   0x00000002   Code   RO         2879    i.HAL_SYSTICK_Callback  stm32f0xx_hal_cortex.o
    0x08001eae   0x00000002   PAD
    0x08001eb0   0x00000030   Code   RO         2880    i.HAL_SYSTICK_Config  stm32f0xx_hal_cortex.o
    0x08001ee0   0x00000008   Code   RO         2881    i.HAL_SYSTICK_IRQHandler  stm32f0xx_hal_cortex.o
    0x08001ee8   0x00000002   Code   RO           12    i.HAL_TIMEx_BreakCallback  stm32f0xx_hal_tim_ex.o
    0x08001eea   0x00000002   Code   RO           13    i.HAL_TIMEx_CommutationCallback  stm32f0xx_hal_tim_ex.o
    0x08001eec   0x00000048   Code   RO           29    i.HAL_TIMEx_MasterConfigSynchronization  stm32f0xx_hal_tim_ex.o
    0x08001f34   0x00000034   Code   RO         1165    i.HAL_TIM_Base_Init  stm32f0xx_hal_tim.o
    0x08001f68   0x00000038   Code   RO         3182    i.HAL_TIM_Base_MspInit  stm32f0xx_hal_msp.o
    0x08001fa0   0x00000016   Code   RO         1170    i.HAL_TIM_Base_Start_IT  stm32f0xx_hal_tim.o
    0x08001fb6   0x00000002   Code   RO         1196    i.HAL_TIM_IC_CaptureCallback  stm32f0xx_hal_tim.o
    0x08001fb8   0x00000162   Code   RO         1209    i.HAL_TIM_IRQHandler  stm32f0xx_hal_tim.o
    0x0800211a   0x00000002   PAD
    0x0800211c   0x00000030   Code   RO         3183    i.HAL_TIM_MspPostInit  stm32f0xx_hal_msp.o
    0x0800214c   0x00000002   Code   RO         1212    i.HAL_TIM_OC_DelayElapsedCallback  stm32f0xx_hal_tim.o
    0x0800214e   0x000000d0   Code   RO         1233    i.HAL_TIM_PWM_ConfigChannel  stm32f0xx_hal_tim.o
    0x0800221e   0x00000034   Code   RO         1236    i.HAL_TIM_PWM_Init  stm32f0xx_hal_tim.o
    0x08002252   0x00000002   PAD
    0x08002254   0x00000024   Code   RO         3185    i.HAL_TIM_PWM_MspInit  stm32f0xx_hal_msp.o
    0x08002278   0x00000002   Code   RO         1239    i.HAL_TIM_PWM_PulseFinishedCallback  stm32f0xx_hal_tim.o
    0x0800227a   0x00000002   PAD
    0x0800227c   0x00000014   Code   RO         3276    i.HAL_TIM_PeriodElapsedCallback  main.o
    0x08002290   0x00000002   Code   RO         1250    i.HAL_TIM_TriggerCallback  stm32f0xx_hal_tim.o
    0x08002292   0x00000002   PAD
    0x08002294   0x0000004c   Code   RO         3187    i.HAL_UART_MspInit  stm32f0xx_hal_msp.o
    0x080022e0   0x000000c8   Code   RO         2329    i.HAL_UART_Transmit  stm32f0xx_hal_uart.o
    0x080023a8   0x00000018   Code   RO         3277    i.Handle_ACK        main.o
    0x080023c0   0x00000088   Code   RO         3278    i.Handle_SI_IRQ     main.o
    0x08002448   0x00000002   Code   RO         3422    i.HardFault_Handler  stm32f0xx_it.o
    0x0800244a   0x00000022   Code   RO         1926    i.I2C_Flush_TXDR    stm32f0xx_hal_i2c.o
    0x0800246c   0x00000074   Code   RO         1934    i.I2C_IsAcknowledgeFailed  stm32f0xx_hal_i2c.o
    0x080024e0   0x0000006a   Code   RO         1938    i.I2C_RequestMemoryWrite  stm32f0xx_hal_i2c.o
    0x0800254a   0x00000002   PAD
    0x0800254c   0x00000024   Code   RO         1941    i.I2C_TransferConfig  stm32f0xx_hal_i2c.o
    0x08002570   0x00000048   Code   RO         1942    i.I2C_WaitOnFlagUntilTimeout  stm32f0xx_hal_i2c.o
    0x080025b8   0x0000004e   Code   RO         1944    i.I2C_WaitOnSTOPFlagUntilTimeout  stm32f0xx_hal_i2c.o
    0x08002606   0x00000052   Code   RO         1945    i.I2C_WaitOnTXISFlagUntilTimeout  stm32f0xx_hal_i2c.o
    0x08002658   0x00000044   Code   RO         3756    i.LCD_PutStrXY      lcd_graph.o
    0x0800269c   0x00000048   Code   RO         3757    i.LCD_Refresh       lcd_graph.o
    0x080026e4   0x00000020   Code   RO         3760    i.LCD_SetFont       lcd_graph.o
    0x08002704   0x00000014   Code   RO         3761    i.LCD_SetRC         lcd_graph.o
    0x08002718   0x00000030   Code   RO         3769    i.LCD_bDrawPoint    lcd_graph.o
    0x08002748   0x00000140   Code   RO         3772    i.LCD_bPutChar      lcd_graph.o
    0x08002888   0x0000001c   Code   RO         3774    i.LCD_bPutStr       lcd_graph.o
    0x080028a4   0x00000030   Code   RO         3775    i.LCD_bPutStrXY     lcd_graph.o
    0x080028d4   0x00000018   Code   RO         3777    i.LCD_bSetXY        lcd_graph.o
    0x080028ec   0x00000100   Code   RO         3279    i.MX_ADC_Init       main.o
    0x080029ec   0x000000e4   Code   RO         3280    i.MX_GPIO_Init      main.o
    0x08002ad0   0x00000060   Code   RO         3281    i.MX_I2C1_Init      main.o
    0x08002b30   0x0000004c   Code   RO         3282    i.MX_SPI1_Init      main.o
    0x08002b7c   0x00000060   Code   RO         3283    i.MX_TIM3_Init      main.o
    0x08002bdc   0x00000038   Code   RO         3284    i.MX_USART1_UART_Init  main.o
    0x08002c14   0x00000002   Code   RO         3423    i.NMI_Handler       stm32f0xx_it.o
    0x08002c16   0x00000002   PAD
    0x08002c18   0x00000044   Code   RO         2882    i.NVIC_SetPriority  stm32f0xx_hal_cortex.o
    0x08002c5c   0x00000036   Code   RO         4042    i.OLED_Fill         oled_i2c.o
    0x08002c92   0x000000aa   Code   RO         4043    i.OLED_Init         oled_i2c.o
    0x08002d3c   0x0000017c   Code   RO         3285    i.OLED_Loop         main.o
    0x08002eb8   0x00000016   Code   RO         4045    i.OLED_On           oled_i2c.o
    0x08002ece   0x00000022   Code   RO         4046    i.OLED_SetPos       oled_i2c.o
    0x08002ef0   0x00000024   Code   RO         4047    i.OLED_WriteDat     oled_i2c.o
    0x08002f14   0x00000002   Code   RO         3424    i.PendSV_Handler    stm32f0xx_it.o
    0x08002f16   0x00000002   PAD
    0x08002f18   0x00000024   Code   RO         3286    i.RecvPacket        main.o
    0x08002f3c   0x00000014   Code   RO         3510    i.SI446X_CHANGE_STATE  si446x.o
    0x08002f50   0x0000003c   Code   RO         3512    i.SI446X_CMD        si446x.o
    0x08002f8c   0x00000024   Code   RO         3513    i.SI446X_CONFIG_INIT  si446x.o
    0x08002fb0   0x0000000e   Code   RO         3516    i.SI446X_GET_DEVICE_STATE  si446x.o
    0x08002fbe   0x00000032   Code   RO         3517    i.SI446X_GET_FRR_REG  si446x.o
    0x08002ff0   0x00000024   Code   RO         3521    i.SI446X_INT_STATUS  si446x.o
    0x08003014   0x0000004a   Code   RO         3526    i.SI446X_READ_PACKET  si446x.o
    0x0800305e   0x00000044   Code   RO         3527    i.SI446X_READ_RESPONSE  si446x.o
    0x080030a2   0x00000002   PAD
    0x080030a4   0x00000054   Code   RO         3528    i.SI446X_RESET      si446x.o
    0x080030f8   0x00000012   Code   RO         3530    i.SI446X_RX_FIFO_RESET  si446x.o
    0x0800310a   0x00000002   PAD
    0x0800310c   0x00000070   Code   RO         3532    i.SI446X_SEND_PACKET  si446x.o
    0x0800317c   0x0000001e   Code   RO         3534    i.SI446X_SET_PROPERTY_1  si446x.o
    0x0800319a   0x00000002   PAD
    0x0800319c   0x0000005c   Code   RO         3537    i.SI446X_START_RX   si446x.o
    0x080031f8   0x00000042   Code   RO         3538    i.SI446X_START_TX   si446x.o
    0x0800323a   0x00000014   Code   RO         3539    i.SI446X_TX_FIFO_RESET  si446x.o
    0x0800324e   0x00000032   Code   RO         3540    i.SI446X_WAIT_CTS   si446x.o
    0x08003280   0x0000004c   Code   RO          889    i.SPI_EndRxTxTransaction  stm32f0xx_hal_spi.o
    0x080032cc   0x00000028   Code   RO         3486    i.SPI_RW            bsp.o
    0x080032f4   0x00000096   Code   RO          894    i.SPI_WaitFifoStateUntilTimeout  stm32f0xx_hal_spi.o
    0x0800338a   0x0000008c   Code   RO          895    i.SPI_WaitFlagStateUntilTimeout  stm32f0xx_hal_spi.o
    0x08003416   0x00000002   Code   RO         3425    i.SVC_Handler       stm32f0xx_it.o
    0x08003418   0x00000050   Code   RO         3287    i.SendPacket        main.o
    0x08003468   0x0000000c   Code   RO         3426    i.SysTick_Handler   stm32f0xx_it.o
    0x08003474   0x00000082   Code   RO         3288    i.SystemClock_Config  main.o
    0x080034f6   0x00000002   PAD
    0x080034f8   0x0000005c   Code   RO         3141    i.SystemInit        system_stm32f0xx.o
    0x08003554   0x00000010   Code   RO         3427    i.TIM17_IRQHandler  stm32f0xx_it.o
    0x08003564   0x00000078   Code   RO         1251    i.TIM_Base_SetConfig  stm32f0xx_hal_tim.o
    0x080035dc   0x00000078   Code   RO         1260    i.TIM_OC1_SetConfig  stm32f0xx_hal_tim.o
    0x08003654   0x00000074   Code   RO         1261    i.TIM_OC2_SetConfig  stm32f0xx_hal_tim.o
    0x080036c8   0x00000078   Code   RO         1262    i.TIM_OC3_SetConfig  stm32f0xx_hal_tim.o
    0x08003740   0x00000060   Code   RO         1263    i.TIM_OC4_SetConfig  stm32f0xx_hal_tim.o
    0x080037a0   0x000000ca   Code   RO         2334    i.UART_AdvFeatureConfig  stm32f0xx_hal_uart.o
    0x0800386a   0x00000012   Code   RO         2335    i.UART_CheckIdleState  stm32f0xx_hal_uart.o
    0x0800387c   0x00000114   Code   RO         2350    i.UART_SetConfig    stm32f0xx_hal_uart.o
    0x08003990   0x00000062   Code   RO         2352    i.UART_WaitOnFlagUntilTimeout  stm32f0xx_hal_uart.o
    0x080039f2   0x00000002   PAD
    0x080039f4   0x00000024   Code   RO         4048    i.WriteCmd          oled_i2c.o
    0x08003a18   0x00000002   Code   RO         3289    i._Error_Handler    main.o
    0x08003a1a   0x00000002   PAD
    0x08003a1c   0x00000020   Code   RO         4342    i.__0printf         mc_p.l(printfa.o)
    0x08003a3c   0x00000028   Code   RO         4344    i.__0sprintf        mc_p.l(printfa.o)
    0x08003a64   0x0000002e   Code   RO         4418    i.__ARM_clz         mf_p.l(depilogue.o)
    0x08003a92   0x0000000e   Code   RO         4428    i.__scatterload_copy  mc_p.l(handlers.o)
    0x08003aa0   0x00000002   Code   RO         4429    i.__scatterload_null  mc_p.l(handlers.o)
    0x08003aa2   0x0000000e   Code   RO         4430    i.__scatterload_zeroinit  mc_p.l(handlers.o)
    0x08003ab0   0x00000174   Code   RO         4349    i._fp_digits        mc_p.l(printfa.o)
    0x08003c24   0x000006ec   Code   RO         4350    i._printf_core      mc_p.l(printfa.o)
    0x08004310   0x00000020   Code   RO         4351    i._printf_post_padding  mc_p.l(printfa.o)
    0x08004330   0x0000002c   Code   RO         4352    i._printf_pre_padding  mc_p.l(printfa.o)
    0x0800435c   0x0000000a   Code   RO         4354    i._sputc            mc_p.l(printfa.o)
    0x08004366   0x00000002   PAD
    0x08004368   0x00000018   Code   RO         3290    i.fputc             main.o
    0x08004380   0x000000c8   Code   RO         3291    i.main              main.o
    0x08004448   0x00000010   Data   RO         3142    .constdata          system_stm32f0xx.o
    0x08004458   0x00000008   Data   RO         3143    .constdata          system_stm32f0xx.o
    0x08004460   0x0000016d   Data   RO         3542    .constdata          si446x.o
    0x080045cd   0x0000023e   Data   RO         3724    .constdata          fonts.o
    0x0800480b   0x00000001   PAD
    0x0800480c   0x00000020   Data   RO         4426    Region$$Table       anon$$obj.o


    Execution Region RW_IRAM1 (Base: 0x20000000, Size: 0x00000d50, Max: 0x00001000, ABSOLUTE)

    Base Addr    Size         Type   Attr      Idx    E Section Name        Object

    0x20000000   0x00000004   Data   RW          621    .data               stm32f0xx_hal.o
    0x20000004   0x00000004   Data   RW         3144    .data               system_stm32f0xx.o
    0x20000008   0x00000014   Data   RW         3294    .data               main.o
    0x2000001c   0x00000010   Data   RW         3785    .data               lcd_graph.o
    0x2000002c   0x00000004   Data   RW         4406    .data               mc_p.l(stdout.o)
    0x20000030   0x00000402   Zero   RW         3292    .bss                main.o
    0x20000432   0x00000002   PAD
    0x20000434   0x00000044   Zero   RW         3293    .bss                main.o
    0x20000478   0x000004d4   Zero   RW         3784    .bss                lcd_graph.o
    0x2000094c   0x00000004   PAD
    0x20000950   0x00000400   Zero   RW            1    STACK               startup_stm32f030x6.o


==============================================================================

Image component sizes


      Code (inc. data)   RO Data    RW Data    ZI Data      Debug   Object Name

        40          6          0          0          0        509   bsp.o
         0          0        574          0          0        625   fonts.o
       660         44          0         16       1236       8322   lcd_graph.o
      1910        272          0         20       1094      10943   main.o
       352          8          0          0          0       3382   oled_i2c.o
       830         18        365          0          0      17645   si446x.o
        28          8        176          0       1024        612   startup_stm32f030x6.o
       122         18          0          4          0       3507   stm32f0xx_hal.o
      1086         54          0          0          0       7369   stm32f0xx_hal_adc.o
       198         34          0          0          0      10981   stm32f0xx_hal_cortex.o
       426         14          0          0          0       4043   stm32f0xx_hal_dma.o
       364         32          0          0          0       2759   stm32f0xx_hal_gpio.o
      1044         22          0          0          0       9399   stm32f0xx_hal_i2c.o
       146          0          0          0          0       1847   stm32f0xx_hal_i2c_ex.o
       584        118          0          0          0       4973   stm32f0xx_hal_msp.o
      1316         94          0          0          0       4909   stm32f0xx_hal_rcc.o
       232         14          0          0          0       1328   stm32f0xx_hal_rcc_ex.o
      1134          0          0          0          0       5677   stm32f0xx_hal_spi.o
      1268         70          0          0          0      10320   stm32f0xx_hal_tim.o
        76          0          0          0          0     284786   stm32f0xx_hal_tim_ex.o
       934         18          0          0          0       5851   stm32f0xx_hal_uart.o
        64         12          0          0          0       3319   stm32f0xx_it.o
        92         14         24          4          0       1087   system_stm32f0xx.o

    ----------------------------------------------------------------------
     12940        870       1172         44       3360     404193   Object Totals
         0          0         32          0          0          0   (incl. Generated)
        34          0          1          0          6          0   (incl. Padding)

    ----------------------------------------------------------------------

      Code (inc. data)   RO Data    RW Data    ZI Data      Debug   Library Member Name

         0          0          0          0          0          0   entry.o
         0          0          0          0          0          0   entry10a.o
         0          0          0          0          0          0   entry11a.o
         8          4          0          0          0          0   entry2.o
         4          0          0          0          0          0   entry5.o
         0          0          0          0          0          0   entry7b.o
         0          0          0          0          0          0   entry8b.o
         8          4          0          0          0          0   entry9a.o
        30          0          0          0          0          0   handlers.o
        36          8          0          0          0         68   init.o
         0          0          0          0          0          0   iusefp.o
        32          0          0          0          0         68   llshl.o
        38          0          0          0          0         68   llsshr.o
        34          0          0          0          0         68   llushr.o
      2302        102          0          0          0        556   printfa.o
         0          0          0          4          0          0   stdout.o
        14          0          0          0          0         60   strlen.o
        44          0          0          0          0         72   uidiv.o
        96          0          0          0          0         84   uldiv.o
        40          2          0          0          0         68   cdrcmple.o
        56          0          0          0          0         68   d2f.o
       356          4          0          0          0        140   dadd.o
       240          6          0          0          0         84   ddiv.o
       236          0          0          0          0        216   depilogue.o
        64         10          0          0          0         68   dfixul.o
        28          4          0          0          0         68   dfltui.o
       208          6          0          0          0         88   dmul.o
        44          0          0          0          0         72   dscalb.o
        40          0          0          0          0         60   f2d.o
       124          0          0          0          0         72   fdiv.o
       130          0          0          0          0        144   fepilogue.o
        22          0          0          0          0         68   fflti.o
       122          0          0          0          0         72   fmul.o

    ----------------------------------------------------------------------
      4364        150          0          4          0       2332   Library Totals
         8          0          0          0          0          0   (incl. Padding)

    ----------------------------------------------------------------------

      Code (inc. data)   RO Data    RW Data    ZI Data      Debug   Library Name

      2646        118          0          4          0       1044   mc_p.l
      1710         32          0          0          0       1288   mf_p.l

    ----------------------------------------------------------------------
      4364        150          0          4          0       2332   Library Totals

    ----------------------------------------------------------------------

==============================================================================


      Code (inc. data)   RO Data    RW Data    ZI Data      Debug   

     17304       1020       1172         48       3360     399321   Grand Totals
     17304       1020       1172         48       3360     399321   ELF Image Totals
     17304       1020       1172         48          0          0   ROM Totals

==============================================================================

    Total RO  Size (Code + RO Data)                18476 (  18.04kB)
    Total RW  Size (RW Data + ZI Data)              3408 (   3.33kB)
    Total ROM Size (Code + RO Data + RW Data)      18524 (  18.09kB)

==============================================================================

